 HID

 Timestamp is 56c50bfd (Wed Feb 17 18:10:37 2016)

 Preferred load address is 0000000180000000

 Start         Length     Name                   Class
 0001:00000000 000001dbH .text                   CODE
 0001:000001e0 0000013cH .text$di                CODE
 0001:00000320 0002be87H .text$mn                CODE
 0001:0002c1b0 00000012H .text$mn$00             CODE
 0001:0002c1d0 000005a0H .text$x                 CODE
 0001:0002c770 00000174H .text$yd                CODE
 0002:00000000 00000330H .idata$5                DATA
 0002:00000330 00000010H .00cfg                  DATA
 0002:00000340 00000008H .CRT$XCA                DATA
 0002:00000348 00000038H .CRT$XCC                DATA
 0002:00000380 00000010H .CRT$XCL                DATA
 0002:00000390 00000008H .CRT$XCU                DATA
 0002:00000398 00000008H .CRT$XCZ                DATA
 0002:000003a0 00000008H .CRT$XIA                DATA
 0002:000003a8 00000030H .CRT$XIC                DATA
 0002:000003d8 00000008H .CRT$XIZ                DATA
 0002:000003e0 00000008H .CRT$XLA                DATA
 0002:000003e8 00000008H .CRT$XLZ                DATA
 0002:000003f0 00000008H .CRT$XPA                DATA
 0002:000003f8 00000010H .CRT$XPX                DATA
 0002:00000408 00000008H .CRT$XPXA               DATA
 0002:00000410 00000008H .CRT$XPZ                DATA
 0002:00000418 00000008H .CRT$XTA                DATA
 0002:00000420 00000008H .CRT$XTZ                DATA
 0002:00000428 00000000H .gfids$x                DATA
 0002:00000430 0000d9b4H .rdata                  DATA
 0002:0000dde8 00000028H .rdata$T                DATA
 0002:0000de10 00001064H .rdata$r                DATA
 0002:0000ee78 00000010H .rdata$zETW0            DATA
 0002:0000ee88 00000077H .rdata$zETW1            DATA
 0002:0000eeff 0000002cH .rdata$zETW2            DATA
 0002:0000ef2b 00000001H .rdata$zETW9            DATA
 0002:0000ef2c 000004c8H .rdata$zzzdbg           DATA
 0002:0000f3f8 00000008H .rtc$IAA                DATA
 0002:0000f400 00000008H .rtc$IZZ                DATA
 0002:0000f408 00000008H .rtc$TAA                DATA
 0002:0000f410 00000008H .rtc$TZZ                DATA
 0002:0000f420 000028a4H .xdata                  DATA
 0002:00011cc8 000002fcH .xdata$x                DATA
 0002:00011fc4 00000020H .didat$2                DATA
 0002:00011fe4 00000020H .didat$3                DATA
 0002:00012008 00000338H .didat$4                DATA
 0002:00012340 00001a82H .didat$6                DATA
 0002:00013dc8 00000338H .didat$7                DATA
 0002:00014100 000049d2H .edata                  DATA
 0002:00018ad4 0000003cH .idata$2                DATA
 0002:00018b10 00000014H .idata$3                DATA
 0002:00018b28 00000330H .idata$4                DATA
 0002:00018e58 0000078cH .idata$6                DATA
 0003:00000000 00000d40H .data                   DATA
 0003:00000d40 00000642H .data$r                 DATA
 0003:00001388 00000338H .didat$5                DATA
 0003:000016c0 000018ecH .bss                    DATA
 0004:00000000 00002afcH .pdata                  DATA
 0005:00000000 00000001H .tls                    DATA
 0005:00000004 00000004H .tls$                   DATA
 0005:00000008 00000001H .tls$ZZZ                DATA
 0006:00000000 00000058H .rsrc$01                DATA
 0006:00000060 00000180H .rsrc$02                DATA

  Address         Publics by Value              Rva+Base               Lib:Object

 0000:00000000       __guard_fids_count         0000000000000000     <absolute>
 0000:00000000       ___safe_se_handler_count   0000000000000000     <absolute>
 0000:00000000       ___safe_se_handler_table   0000000000000000     <absolute>
 0000:00000000       __guard_fids_table         0000000000000000     <absolute>
 0000:00000100       __guard_flags              0000000000000100     <absolute>
 0000:00000000       __ImageBase                0000000180000000     <linker-defined>
 0001:00000000       ?TraceLoggingRegister@__vcrt_trace_logging_provider@@YAJPEBU_TlgProvider_t@1@PEBU_GUID@@P6AX1KE_K2PEAU_EVENT_FILTER_DESCRIPTOR@@PEAX@Z4@Z 0000000180001000 f i libvcruntime:telemetry.obj
 0001:0000007c       ?_TlgEnableCallback@__vcrt_trace_logging_provider@@YAXPEBU_GUID@@KE_K1PEAU_EVENT_FILTER_DESCRIPTOR@@PEAX@Z 000000018000107c f i libvcruntime:telemetry.obj
 0001:00000140       ?_TlgWrite@__vcrt_trace_logging_provider@@YAJPEBU_TlgProvider_t@1@PEFBXPEBU_GUID@@2IPEAU_EVENT_DATA_DESCRIPTOR@@@Z 0000000180001140 f i libvcruntime:telemetry.obj
 0001:00000320       __local_stdio_printf_options 0000000180001320 f i HID.obj
 0001:00000330       sprintf_s                  0000000180001330 f i HID.obj
 0001:00000390       ?what@exception@stdext@@UEBAPEBDXZ 0000000180001390 f i HID.obj
 0001:000003b0       ?_Unlock@?$basic_streambuf@DU?$char_traits@D@std@@@std@@UEAAXXZ 00000001800013b0 f i HID.obj
 0001:000003b0       ?_Doraise@exception@stdext@@MEBAXXZ 00000001800013b0 f i HID.obj
 0001:000003b0       _guard_check_icall_nop     00000001800013b0 f i LIBCMT:guard_support.obj
 0001:000003b0       __except_validate_context_record 00000001800013b0 f i libvcruntime:jbcxrval.obj
 0001:000003b0       ?VisitExternalString@ExternalResourceVisitor@v8@@UEAAXV?$Local@VString@v8@@@2@@Z 00000001800013b0 f i HID.obj
 0001:000003b0       ?VisitPersistentHandle@PersistentHandleVisitor@v8@@UEAAXPEAV?$Persistent@VValue@v8@@V?$NonCopyablePersistentTraits@VValue@v8@@@2@@2@G@Z 00000001800013b0 f i HID.obj
 0001:000003b0       ?_Lock@?$basic_streambuf@DU?$char_traits@D@std@@@std@@UEAAXXZ 00000001800013b0 f i HID.obj
 0001:000003b0       ?imbue@?$basic_streambuf@DU?$char_traits@D@std@@@std@@MEAAXAEBVlocale@2@@Z 00000001800013b0 f i HID.obj
 0001:000003c0       ??_Gruntime_error@std@@UEAAPEAXI@Z 00000001800013c0 f i HID.obj
 0001:000003c0       ??_Gexception@stdext@@UEAAPEAXI@Z 00000001800013c0 f i HID.obj
 0001:000003c0       ??_Eruntime_error@std@@UEAAPEAXI@Z 00000001800013c0 f i * CIL library *:* CIL module *
 0001:000003c0       ??_Eexception@stdext@@UEAAPEAXI@Z 00000001800013c0 f i * CIL library *:* CIL module *
 0001:000003f0       ??0_Locinfo@std@@QEAA@PEBD@Z 00000001800013f0 f i HID.obj
 0001:000004b0       ??1_Locinfo@std@@QEAA@XZ   00000001800014b0 f i HID.obj
 0001:00000550       ??_E_Facet_base@std@@UEAAPEAXI@Z 0000000180001550 f i * CIL library *:* CIL module *
 0001:00000550       ??_G_Facet_base@std@@UEAAPEAXI@Z 0000000180001550 f i HID.obj
 0001:00000580       ?_Incref@facet@locale@std@@UEAAXXZ 0000000180001580 f i HID.obj
 0001:00000590       ?_Decref@facet@locale@std@@UEAAPEAV_Facet_base@3@XZ 0000000180001590 f i HID.obj
 0001:000005b0       ?_Getcat@?$ctype@D@std@@SA_KPEAPEBVfacet@locale@2@PEBV42@@Z 00000001800015b0 f i HID.obj
 0001:00000670       ?do_tolower@?$ctype@D@std@@MEBADD@Z 0000000180001670 f i HID.obj
 0001:00000680       ?do_tolower@?$ctype@D@std@@MEBAPEBDPEADPEBD@Z 0000000180001680 f i HID.obj
 0001:000006e0       ?do_toupper@?$ctype@D@std@@MEBADD@Z 00000001800016e0 f i HID.obj
 0001:000006f0       ?do_toupper@?$ctype@D@std@@MEBAPEBDPEADPEBD@Z 00000001800016f0 f i HID.obj
 0001:00000750       ?do_widen@?$ctype@D@std@@MEBADD@Z 0000000180001750 f i HID.obj
 0001:00000750       ?do_narrow@?$ctype@D@std@@MEBADDD@Z 0000000180001750 f i HID.obj
 0001:00000760       ?do_widen@?$ctype@D@std@@MEBAPEBDPEBD0PEAD@Z 0000000180001760 f i HID.obj
 0001:00000780       ?do_narrow@?$ctype@D@std@@MEBAPEBDPEBD0DPEAD@Z 0000000180001780 f i HID.obj
 0001:000007a0       ??_G?$ctype@D@std@@MEAAPEAXI@Z 00000001800017a0 f i HID.obj
 0001:000007a0       ??_E?$ctype@D@std@@MEAAPEAXI@Z 00000001800017a0 f i * CIL library *:* CIL module *
 0001:00000810       ??_Gerror_category@std@@UEAAPEAXI@Z 0000000180001810 f i HID.obj
 0001:00000810       ??_G_Iostream_error_category@std@@UEAAPEAXI@Z 0000000180001810 f i HID.obj
 0001:00000810       ??_Eerror_category@std@@UEAAPEAXI@Z 0000000180001810 f i * CIL library *:* CIL module *
 0001:00000810       ??_E_Iostream_error_category@std@@UEAAPEAXI@Z 0000000180001810 f i * CIL library *:* CIL module *
 0001:00000840       ?default_error_condition@error_category@std@@UEBA?AVerror_condition@2@H@Z 0000000180001840 f i HID.obj
 0001:00000850       ?equivalent@error_category@std@@UEBA_NHAEBVerror_condition@2@@Z 0000000180001850 f i HID.obj
 0001:000008b0       ?equivalent@error_category@std@@UEBA_NAEBVerror_code@2@H@Z 00000001800018b0 f i HID.obj
 0001:000008d0       ?_Makestr@_System_error@std@@CA?AV?$basic_string@DU?$char_traits@D@std@@V?$allocator@D@2@@2@Verror_code@2@V32@@Z 00000001800018d0 f i HID.obj
 0001:00000a30       ??_Efailure@ios_base@std@@UEAAPEAXI@Z 0000000180001a30 f i * CIL library *:* CIL module *
 0001:00000a30       ??_Gfailure@ios_base@std@@UEAAPEAXI@Z 0000000180001a30 f i HID.obj
 0001:00000a30       ??_E_System_error@std@@UEAAPEAXI@Z 0000000180001a30 f i * CIL library *:* CIL module *
 0001:00000a30       ??_G_System_error@std@@UEAAPEAXI@Z 0000000180001a30 f i HID.obj
 0001:00000a60       ?name@_Iostream_error_category@std@@UEBAPEBDXZ 0000000180001a60 f i HID.obj
 0001:00000a70       ?message@_Iostream_error_category@std@@UEBA?AV?$basic_string@DU?$char_traits@D@std@@V?$allocator@D@2@@2@H@Z 0000000180001a70 f i HID.obj
 0001:00000af0       ?clear@ios_base@std@@QEAAXH_N@Z 0000000180001af0 f i HID.obj
 0001:00001030       ??_Gios_base@std@@UEAAPEAXI@Z 0000000180002030 f i HID.obj
 0001:00001030       ??_Eios_base@std@@UEAAPEAXI@Z 0000000180002030 f i * CIL library *:* CIL module *
 0001:00001070       ?GetIsolate@HandleScope@v8@@QEBAPEAVIsolate@2@XZ 0000000180002070 f i HID.obj
 0001:00001070       ?Data@Contents@ArrayBuffer@v8@@QEBAPEAXXZ 0000000180002070 f i HID.obj
 0001:00001070       ?impl@StreamedSource@ScriptCompiler@v8@@QEBAPEAU1internal@3@XZ 0000000180002070 f i HID.obj
 0001:00001070       ??DUtf8Value@String@v8@@QEBAPEBDXZ 0000000180002070 f i HID.obj
 0001:00001070       ?total_heap_size@HeapStatistics@v8@@QEAA_KXZ 0000000180002070 f i HID.obj
 0001:00001070       ?object_type@HeapObjectStatistics@v8@@QEAAPEBDXZ 0000000180002070 f i HID.obj
 0001:00001070       ?space_name@HeapSpaceStatistics@v8@@QEAAPEBDXZ 0000000180002070 f i HID.obj
 0001:00001070       ?Data@Contents@SharedArrayBuffer@v8@@QEBAPEAXXZ 0000000180002070 f i HID.obj
 0001:00001070       ??DValue@String@v8@@QEAAPEAGXZ 0000000180002070 f i HID.obj
 0001:00001070       ??DValue@String@v8@@QEBAPEBGXZ 0000000180002070 f i HID.obj
 0001:00001070       ??DUtf8Value@String@v8@@QEAAPEADXZ 0000000180002070 f i HID.obj
 0001:00001080       ??4Uint16Array@v8@@QEAAAEAV01@AEBV01@@Z 0000000180002080 f i HID.obj
 0001:00001080       ??4FunctionTemplate@v8@@QEAAAEAV01@$$QEAV01@@Z 0000000180002080 f i HID.obj
 0001:00001080       ??4BooleanObject@v8@@QEAAAEAV01@AEBV01@@Z 0000000180002080 f i HID.obj
 0001:00001080       ??4StackTrace@v8@@QEAAAEAV01@AEBV01@@Z 0000000180002080 f i HID.obj
 0001:00001080       ?Cast@Boolean@v8@@SAPEAV12@PEAVValue@2@@Z 0000000180002080 f i HID.obj
 0001:00001080       ?Cast@DataView@v8@@SAPEAV12@PEAVValue@2@@Z 0000000180002080 f i HID.obj
 0001:00001080       ?Cast@StringObject@v8@@SAPEAV12@PEAVValue@2@@Z 0000000180002080 f i HID.obj
 0001:00001080       ?Cast@Number@v8@@SAPEAV12@PEAVValue@2@@Z 0000000180002080 f i HID.obj
 0001:00001080       ??4AccessorSignature@v8@@QEAAAEAV01@$$QEAV01@@Z 0000000180002080 f i HID.obj
 0001:00001080       ??4NumberObject@v8@@QEAAAEAV01@AEBV01@@Z 0000000180002080 f i HID.obj
 0001:00001080       ??4ArrayBufferView@v8@@QEAAAEAV01@$$QEAV01@@Z 0000000180002080 f i HID.obj
 0001:00001080       ??4Promise@v8@@QEAAAEAV01@AEBV01@@Z 0000000180002080 f i HID.obj
 0001:00001080       ??4Function@v8@@QEAAAEAV01@$$QEAV01@@Z 0000000180002080 f i HID.obj
 0001:00001080       ??4Int8Array@v8@@QEAAAEAV01@$$QEAV01@@Z 0000000180002080 f i HID.obj
 0001:00001080       ??4Integer@v8@@QEAAAEAV01@AEBV01@@Z 0000000180002080 f i HID.obj
 0001:00001080       ??4ScriptCompiler@v8@@QEAAAEAV01@AEBV01@@Z 0000000180002080 f i HID.obj
 0001:00001080       ?Cast@Symbol@v8@@SAPEAV12@PEAVValue@2@@Z 0000000180002080 f i HID.obj
 0001:00001080       ??4Value@v8@@QEAAAEAV01@$$QEAV01@@Z 0000000180002080 f i HID.obj
 0001:00001080       ??4AccessorSignature@v8@@QEAAAEAV01@AEBV01@@Z 0000000180002080 f i HID.obj
 0001:00001080       ??4StackFrame@v8@@QEAAAEAV01@$$QEAV01@@Z 0000000180002080 f i HID.obj
 0001:00001080       ?Cast@Float64Array@v8@@SAPEAV12@PEAVValue@2@@Z 0000000180002080 f i HID.obj
 0001:00001080       ?Cast@NumberObject@v8@@SAPEAV12@PEAVValue@2@@Z 0000000180002080 f i HID.obj
 0001:00001080       ?Cast@Name@v8@@SAPEAV12@PEAVValue@2@@Z 0000000180002080 f i HID.obj
 0001:00001080       ?Cast@Set@v8@@SAPEAV12@PEAVValue@2@@Z 0000000180002080 f i HID.obj
 0001:00001080       ??4Exception@v8@@QEAAAEAV01@$$QEAV01@@Z 0000000180002080 f i HID.obj
 0001:00001080       ??4Uint32Array@v8@@QEAAAEAV01@$$QEAV01@@Z 0000000180002080 f i HID.obj
 0001:00001080       ??4Float64Array@v8@@QEAAAEAV01@$$QEAV01@@Z 0000000180002080 f i HID.obj
 0001:00001080       ??4Allocator@ArrayBuffer@v8@@QEAAAEAV012@AEBV012@@Z 0000000180002080 f i HID.obj
 0001:00001080       ??4Int32Array@v8@@QEAAAEAV01@$$QEAV01@@Z 0000000180002080 f i HID.obj
 0001:00001080       ?Cast@RegExp@v8@@SAPEAV12@PEAVValue@2@@Z 0000000180002080 f i HID.obj
 0001:00001080       ??4TypeSwitch@v8@@QEAAAEAV01@AEBV01@@Z 0000000180002080 f i HID.obj
 0001:00001080       ?Cast@Uint8ClampedArray@v8@@SAPEAV12@PEAVValue@2@@Z 0000000180002080 f i HID.obj
 0001:00001080       ?Cast@Promise@v8@@SAPEAV12@PEAVValue@2@@Z 0000000180002080 f i HID.obj
 0001:00001080       ??4NumberObject@v8@@QEAAAEAV01@$$QEAV01@@Z 0000000180002080 f i HID.obj
 0001:00001080       ??4Array@v8@@QEAAAEAV01@AEBV01@@Z 0000000180002080 f i HID.obj
 0001:00001080       ??4Map@v8@@QEAAAEAV01@$$QEAV01@@Z 0000000180002080 f i HID.obj
 0001:00001080       ??4SharedArrayBuffer@v8@@QEAAAEAV01@$$QEAV01@@Z 0000000180002080 f i HID.obj
 0001:00001080       ??4Uint8ClampedArray@v8@@QEAAAEAV01@AEBV01@@Z 0000000180002080 f i HID.obj
 0001:00001080       ?Cast@ArrayBufferView@v8@@SAPEAV12@PEAVValue@2@@Z 0000000180002080 f i HID.obj
 0001:00001080       ??4Promise@v8@@QEAAAEAV01@$$QEAV01@@Z 0000000180002080 f i HID.obj
 0001:00001080       ??4NativeWeakMap@v8@@QEAAAEAV01@$$QEAV01@@Z 0000000180002080 f i HID.obj
 0001:00001080       ??4Date@v8@@QEAAAEAV01@AEBV01@@Z 0000000180002080 f i HID.obj
 0001:00001080       ??4Name@v8@@QEAAAEAV01@$$QEAV01@@Z 0000000180002080 f i HID.obj
 0001:00001080       ??4Uint8Array@v8@@QEAAAEAV01@$$QEAV01@@Z 0000000180002080 f i HID.obj
 0001:00001080       ??4SharedArrayBuffer@v8@@QEAAAEAV01@AEBV01@@Z 0000000180002080 f i HID.obj
 0001:00001080       ??4Uint32@v8@@QEAAAEAV01@AEBV01@@Z 0000000180002080 f i HID.obj
 0001:00001080       ??4FunctionTemplate@v8@@QEAAAEAV01@AEBV01@@Z 0000000180002080 f i HID.obj
 0001:00001080       ??4Script@v8@@QEAAAEAV01@AEBV01@@Z 0000000180002080 f i HID.obj
 0001:00001080       ??4Data@v8@@QEAAAEAV01@$$QEAV01@@Z 0000000180002080 f i HID.obj
 0001:00001080       ??4Name@v8@@QEAAAEAV01@AEBV01@@Z 0000000180002080 f i HID.obj
 0001:00001080       ??4DataView@v8@@QEAAAEAV01@AEBV01@@Z 0000000180002080 f i HID.obj
 0001:00001080       ??4Exception@v8@@QEAAAEAV01@AEBV01@@Z 0000000180002080 f i HID.obj
 0001:00001080       ??4Int8Array@v8@@QEAAAEAV01@AEBV01@@Z 0000000180002080 f i HID.obj
 0001:00001080       ??4StackFrame@v8@@QEAAAEAV01@AEBV01@@Z 0000000180002080 f i HID.obj
 0001:00001080       ??4Uint8Array@v8@@QEAAAEAV01@AEBV01@@Z 0000000180002080 f i HID.obj
 0001:00001080       ?Cast@Int8Array@v8@@SAPEAV12@PEAVValue@2@@Z 0000000180002080 f i HID.obj
 0001:00001080       ?Cast@TypedArray@v8@@SAPEAV12@PEAVValue@2@@Z 0000000180002080 f i HID.obj
 0001:00001080       ?Cast@Uint16Array@v8@@SAPEAV12@PEAVValue@2@@Z 0000000180002080 f i HID.obj
 0001:00001080       ??4External@v8@@QEAAAEAV01@$$QEAV01@@Z 0000000180002080 f i HID.obj
 0001:00001080       ?Cast@Uint32@v8@@SAPEAV12@PEAVValue@2@@Z 0000000180002080 f i HID.obj
 0001:00001080       ??4JSON@v8@@QEAAAEAV01@AEBV01@@Z 0000000180002080 f i HID.obj
 0001:00001080       ??4Symbol@v8@@QEAAAEAV01@AEBV01@@Z 0000000180002080 f i HID.obj
 0001:00001080       ??4ExternalResourceVisitor@v8@@QEAAAEAV01@AEBV01@@Z 0000000180002080 f i HID.obj
 0001:00001080       ??4Primitive@v8@@QEAAAEAV01@$$QEAV01@@Z 0000000180002080 f i HID.obj
 0001:00001080       ??4Number@v8@@QEAAAEAV01@$$QEAV01@@Z 0000000180002080 f i HID.obj
 0001:00001080       ??4Date@v8@@QEAAAEAV01@$$QEAV01@@Z 0000000180002080 f i HID.obj
 0001:00001080       ?Cast@Date@v8@@SAPEAV12@PEAVValue@2@@Z 0000000180002080 f i HID.obj
 0001:00001080       ?Cast@Resolver@Promise@v8@@SAPEAV123@PEAVValue@3@@Z 0000000180002080 f i HID.obj
 0001:00001080       ??4SymbolObject@v8@@QEAAAEAV01@$$QEAV01@@Z 0000000180002080 f i HID.obj
 0001:00001080       ??4JSON@v8@@QEAAAEAV01@$$QEAV01@@Z 0000000180002080 f i HID.obj
 0001:00001080       ??4Int32Array@v8@@QEAAAEAV01@AEBV01@@Z 0000000180002080 f i HID.obj
 0001:00001080       ??4UnboundScript@v8@@QEAAAEAV01@AEBV01@@Z 0000000180002080 f i HID.obj
 0001:00001080       ??4RegExp@v8@@QEAAAEAV01@$$QEAV01@@Z 0000000180002080 f i HID.obj
 0001:00001080       ??4Set@v8@@QEAAAEAV01@$$QEAV01@@Z 0000000180002080 f i HID.obj
 0001:00001080       ?Cast@Array@v8@@SAPEAV12@PEAVValue@2@@Z 0000000180002080 f i HID.obj
 0001:00001080       ??4SymbolObject@v8@@QEAAAEAV01@AEBV01@@Z 0000000180002080 f i HID.obj
 0001:00001080       ?Cast@Map@v8@@SAPEAV12@PEAVValue@2@@Z 0000000180002080 f i HID.obj
 0001:00001080       ??4Context@v8@@QEAAAEAV01@$$QEAV01@@Z 0000000180002080 f i HID.obj
 0001:00001080       ??4RegExp@v8@@QEAAAEAV01@AEBV01@@Z 0000000180002080 f i HID.obj
 0001:00001080       ??4String@v8@@QEAAAEAV01@$$QEAV01@@Z 0000000180002080 f i HID.obj
 0001:00001080       ??4Boolean@v8@@QEAAAEAV01@AEBV01@@Z 0000000180002080 f i HID.obj
 0001:00001080       ?Cast@Uint32Array@v8@@SAPEAV12@PEAVValue@2@@Z 0000000180002080 f i HID.obj
 0001:00001080       ??4Set@v8@@QEAAAEAV01@AEBV01@@Z 0000000180002080 f i HID.obj
 0001:00001080       ?Cast@Float32Array@v8@@SAPEAV12@PEAVValue@2@@Z 0000000180002080 f i HID.obj
 0001:00001080       ??4BooleanObject@v8@@QEAAAEAV01@$$QEAV01@@Z 0000000180002080 f i HID.obj
 0001:00001080       ?Cast@External@v8@@SAPEAV12@PEAVValue@2@@Z 0000000180002080 f i HID.obj
 0001:00001080       ??4Signature@v8@@QEAAAEAV01@$$QEAV01@@Z 0000000180002080 f i HID.obj
 0001:00001080       ?Cast@Uint8Array@v8@@SAPEAV12@PEAVValue@2@@Z 0000000180002080 f i HID.obj
 0001:00001080       ??4Uint16Array@v8@@QEAAAEAV01@$$QEAV01@@Z 0000000180002080 f i HID.obj
 0001:00001080       ??4Uint32@v8@@QEAAAEAV01@$$QEAV01@@Z 0000000180002080 f i HID.obj
 0001:00001080       ??4TypedArray@v8@@QEAAAEAV01@AEBV01@@Z 0000000180002080 f i HID.obj
 0001:00001080       ?Cast@BooleanObject@v8@@SAPEAV12@PEAVValue@2@@Z 0000000180002080 f i HID.obj
 0001:00001080       ??4StringObject@v8@@QEAAAEAV01@$$QEAV01@@Z 0000000180002080 f i HID.obj
 0001:00001080       ??4Map@v8@@QEAAAEAV01@AEBV01@@Z 0000000180002080 f i HID.obj
 0001:00001080       ??4Int32@v8@@QEAAAEAV01@$$QEAV01@@Z 0000000180002080 f i HID.obj
 0001:00001080       ??4Integer@v8@@QEAAAEAV01@$$QEAV01@@Z 0000000180002080 f i HID.obj
 0001:00001080       ??4PersistentHandleVisitor@v8@@QEAAAEAV01@AEBV01@@Z 0000000180002080 f i HID.obj
 0001:00001080       ??4Int32@v8@@QEAAAEAV01@AEBV01@@Z 0000000180002080 f i HID.obj
 0001:00001080       ??4UnboundScript@v8@@QEAAAEAV01@$$QEAV01@@Z 0000000180002080 f i HID.obj
 0001:00001080       ??4Object@v8@@QEAAAEAV01@AEBV01@@Z 0000000180002080 f i HID.obj
 0001:00001080       ?setbuf@?$basic_streambuf@DU?$char_traits@D@std@@@std@@MEAAPEAV12@PEAD_J@Z 0000000180002080 f i HID.obj
 0001:00001080       ??4ArrayBufferView@v8@@QEAAAEAV01@AEBV01@@Z 0000000180002080 f i HID.obj
 0001:00001080       ??4Symbol@v8@@QEAAAEAV01@$$QEAV01@@Z 0000000180002080 f i HID.obj
 0001:00001080       ??4Float32Array@v8@@QEAAAEAV01@$$QEAV01@@Z 0000000180002080 f i HID.obj
 0001:00001080       ??4Int16Array@v8@@QEAAAEAV01@$$QEAV01@@Z 0000000180002080 f i HID.obj
 0001:00001080       ??4Script@v8@@QEAAAEAV01@$$QEAV01@@Z 0000000180002080 f i HID.obj
 0001:00001080       ?Cast@Int16Array@v8@@SAPEAV12@PEAVValue@2@@Z 0000000180002080 f i HID.obj
 0001:00001080       ??4Number@v8@@QEAAAEAV01@AEBV01@@Z 0000000180002080 f i HID.obj
 0001:00001080       ??4V8@v8@@QEAAAEAV01@AEBV01@@Z 0000000180002080 f i HID.obj
 0001:00001080       ??4Array@v8@@QEAAAEAV01@$$QEAV01@@Z 0000000180002080 f i HID.obj
 0001:00001080       ??4StringObject@v8@@QEAAAEAV01@AEBV01@@Z 0000000180002080 f i HID.obj
 0001:00001080       ??4Template@v8@@QEAAAEAV01@$$QEAV01@@Z 0000000180002080 f i HID.obj
 0001:00001080       ??4Value@v8@@QEAAAEAV01@AEBV01@@Z 0000000180002080 f i HID.obj
 0001:00001080       ??4Function@v8@@QEAAAEAV01@AEBV01@@Z 0000000180002080 f i HID.obj
 0001:00001080       ??0HandleScope@v8@@IEAA@XZ 0000000180002080 f i HID.obj
 0001:00001080       ??4ObjectTemplate@v8@@QEAAAEAV01@AEBV01@@Z 0000000180002080 f i HID.obj
 0001:00001080       ?Cast@ArrayBuffer@v8@@SAPEAV12@PEAVValue@2@@Z 0000000180002080 f i HID.obj
 0001:00001080       ??4Signature@v8@@QEAAAEAV01@AEBV01@@Z 0000000180002080 f i HID.obj
 0001:00001080       ??4Boolean@v8@@QEAAAEAV01@$$QEAV01@@Z 0000000180002080 f i HID.obj
 0001:00001080       ??4Message@v8@@QEAAAEAV01@$$QEAV01@@Z 0000000180002080 f i HID.obj
 0001:00001080       ??4StackTrace@v8@@QEAAAEAV01@$$QEAV01@@Z 0000000180002080 f i HID.obj
 0001:00001080       ??4Float64Array@v8@@QEAAAEAV01@AEBV01@@Z 0000000180002080 f i HID.obj
 0001:00001080       ??4Message@v8@@QEAAAEAV01@AEBV01@@Z 0000000180002080 f i HID.obj
 0001:00001080       ?Cast@Int32Array@v8@@SAPEAV12@PEAVValue@2@@Z 0000000180002080 f i HID.obj
 0001:00001080       ??4Data@v8@@QEAAAEAV01@AEBV01@@Z 0000000180002080 f i HID.obj
 0001:00001080       ??4Uint32Array@v8@@QEAAAEAV01@AEBV01@@Z 0000000180002080 f i HID.obj
 0001:00001080       ??4ObjectTemplate@v8@@QEAAAEAV01@$$QEAV01@@Z 0000000180002080 f i HID.obj
 0001:00001080       ??4V8@v8@@QEAAAEAV01@$$QEAV01@@Z 0000000180002080 f i HID.obj
 0001:00001080       ??4Template@v8@@QEAAAEAV01@AEBV01@@Z 0000000180002080 f i HID.obj
 0001:00001080       ??4Context@v8@@QEAAAEAV01@AEBV01@@Z 0000000180002080 f i HID.obj
 0001:00001080       ??4DataView@v8@@QEAAAEAV01@$$QEAV01@@Z 0000000180002080 f i HID.obj
 0001:00001080       ?Cast@SharedArrayBuffer@v8@@SAPEAV12@PEAVValue@2@@Z 0000000180002080 f i HID.obj
 0001:00001080       ?Cast@SymbolObject@v8@@SAPEAV12@PEAVValue@2@@Z 0000000180002080 f i HID.obj
 0001:00001080       ??4Object@v8@@QEAAAEAV01@$$QEAV01@@Z 0000000180002080 f i HID.obj
 0001:00001080       ??4ArrayBuffer@v8@@QEAAAEAV01@AEBV01@@Z 0000000180002080 f i HID.obj
 0001:00001080       ??4Resolver@Promise@v8@@QEAAAEAV012@$$QEAV012@@Z 0000000180002080 f i HID.obj
 0001:00001080       ??4ArrayBuffer@v8@@QEAAAEAV01@$$QEAV01@@Z 0000000180002080 f i HID.obj
 0001:00001080       ?Cast@String@v8@@SAPEAV12@PEAVValue@2@@Z 0000000180002080 f i HID.obj
 0001:00001080       ??4Float32Array@v8@@QEAAAEAV01@AEBV01@@Z 0000000180002080 f i HID.obj
 0001:00001080       ??4Uint8ClampedArray@v8@@QEAAAEAV01@$$QEAV01@@Z 0000000180002080 f i HID.obj
 0001:00001080       ??4String@v8@@QEAAAEAV01@AEBV01@@Z 0000000180002080 f i HID.obj
 0001:00001080       ?Cast@Function@v8@@SAPEAV12@PEAVValue@2@@Z 0000000180002080 f i HID.obj
 0001:00001080       ??4NativeWeakMap@v8@@QEAAAEAV01@AEBV01@@Z 0000000180002080 f i HID.obj
 0001:00001080       ?Cast@Int32@v8@@SAPEAV12@PEAVValue@2@@Z 0000000180002080 f i HID.obj
 0001:00001080       ??4ExternalSourceStream@ScriptCompiler@v8@@QEAAAEAV012@AEBV012@@Z 0000000180002080 f i HID.obj
 0001:00001080       ??4Primitive@v8@@QEAAAEAV01@AEBV01@@Z 0000000180002080 f i HID.obj
 0001:00001080       ?Cast@Object@v8@@SAPEAV12@PEAVValue@2@@Z 0000000180002080 f i HID.obj
 0001:00001080       ??4Resolver@Promise@v8@@QEAAAEAV012@AEBV012@@Z 0000000180002080 f i HID.obj
 0001:00001080       ??4Int16Array@v8@@QEAAAEAV01@AEBV01@@Z 0000000180002080 f i HID.obj
 0001:00001080       ??4TypeSwitch@v8@@QEAAAEAV01@$$QEAV01@@Z 0000000180002080 f i HID.obj
 0001:00001080       ??4External@v8@@QEAAAEAV01@AEBV01@@Z 0000000180002080 f i HID.obj
 0001:00001080       ??4TypedArray@v8@@QEAAAEAV01@$$QEAV01@@Z 0000000180002080 f i HID.obj
 0001:00001080       ??4ScriptCompiler@v8@@QEAAAEAV01@$$QEAV01@@Z 0000000180002080 f i HID.obj
 0001:00001080       ?Cast@Integer@v8@@SAPEAV12@PEAVValue@2@@Z 0000000180002080 f i HID.obj
 0001:00001090       ??1EscapableHandleScope@v8@@QEAA@XZ 0000000180002090 f i HID.obj
 0001:000010a0       ?GetId@Script@v8@@QEAAHXZ  00000001800020a0 f i HID.obj
 0001:000010c0       ??0CachedData@ScriptCompiler@v8@@QEAA@XZ 00000001800020c0 f i HID.obj
 0001:000010e0       ??1ExternalSourceStream@ScriptCompiler@v8@@UEAA@XZ 00000001800020e0 f i HID.obj
 0001:000010f0       ??0ExternalSourceStream@ScriptCompiler@v8@@QEAA@XZ 00000001800020f0 f i HID.obj
 0001:000010f0       ??0ExternalSourceStream@ScriptCompiler@v8@@QEAA@AEBV012@@Z 00000001800020f0 f i HID.obj
 0001:00001100       ??_EExternalSourceStream@ScriptCompiler@v8@@UEAAPEAXI@Z 0000000180002100 f i HID.obj
 0001:00001190       ??1ExternalStringResource@String@v8@@UEAA@XZ 0000000180002190 f i HID.obj
 0001:00001190       ??1ExternalStringResourceBase@String@v8@@UEAA@XZ 0000000180002190 f i HID.obj
 0001:00001190       ??1ExternalOneByteStringResourceImpl@v8@@UEAA@XZ 0000000180002190 f i HID.obj
 0001:00001190       ??1ExternalOneByteStringResource@String@v8@@UEAA@XZ 0000000180002190 f i HID.obj
 0001:000011a0       ??0ExternalStringResourceBase@String@v8@@IEAA@XZ 00000001800021a0 f i HID.obj
 0001:000011b0       ?Dispose@ExternalStringResourceBase@String@v8@@MEAAXXZ 00000001800021b0 f i HID.obj
 0001:000011d0       ??0ExternalStringResource@String@v8@@IEAA@XZ 00000001800021d0 f i HID.obj
 0001:000011d0       ??0ExternalOneByteStringResource@String@v8@@IEAA@XZ 00000001800021d0 f i HID.obj
 0001:000011e0       ?length@Utf8Value@String@v8@@QEBAHXZ 00000001800021e0 f i HID.obj
 0001:000011e0       ?length@Value@String@v8@@QEBAHXZ 00000001800021e0 f i HID.obj
 0001:000011e0       ?max_executable_size@ResourceConstraints@v8@@QEBAHXZ 00000001800021e0 f i HID.obj
 0001:000011f0       ?InternalFieldCount@Object@v8@@SAHAEBV?$PersistentBase@VObject@v8@@@2@@Z 00000001800021f0 f i HID.obj
 0001:00001200       ?GetAlignedPointerFromInternalField@Object@v8@@SAPEAXAEBV?$PersistentBase@VObject@v8@@@2@H@Z 0000000180002200 f i HID.obj
 0001:00001230       ?NewInstance@Function@v8@@QEBA?AV?$MaybeLocal@VObject@v8@@@2@V?$Local@VContext@v8@@@2@@Z 0000000180002230 f i HID.obj
 0001:00001260       ??1Allocator@ArrayBuffer@v8@@UEAA@XZ 0000000180002260 f i HID.obj
 0001:00001270       ??0Contents@SharedArrayBuffer@v8@@QEAA@XZ 0000000180002270 f i HID.obj
 0001:00001270       ??0Contents@ArrayBuffer@v8@@QEAA@XZ 0000000180002270 f i HID.obj
 0001:00001280       ?begin@ExtensionConfiguration@v8@@QEBAPEAPEBDXZ 0000000180002280 f i HID.obj
 0001:00001280       ?object_sub_type@HeapObjectStatistics@v8@@QEAAPEBDXZ 0000000180002280 f i HID.obj
 0001:00001280       ?data@ExternalOneByteStringResourceImpl@v8@@UEBAPEBDXZ 0000000180002280 f i HID.obj
 0001:00001280       ?ByteLength@Contents@ArrayBuffer@v8@@QEBA_KXZ 0000000180002280 f i HID.obj
 0001:00001280       ?total_heap_size_executable@HeapStatistics@v8@@QEAA_KXZ 0000000180002280 f i HID.obj
 0001:00001280       ?space_size@HeapSpaceStatistics@v8@@QEAA_KXZ 0000000180002280 f i HID.obj
 0001:00001280       ?name@Extension@v8@@QEBAPEBDXZ 0000000180002280 f i HID.obj
 0001:00001280       ?ByteLength@Contents@SharedArrayBuffer@v8@@QEBA_KXZ 0000000180002280 f i HID.obj
 0001:00001290       ?SetIndexedPropertyHandler@ObjectTemplate@v8@@QEAAXP6AXIAEBV?$PropertyCallbackInfo@VValue@v8@@@2@@ZP6AXIV?$Local@VValue@v8@@@2@0@ZP6AXIAEBV?$PropertyCallbackInfo@VInteger@v8@@@2@@ZP6AXIAEBV?$PropertyCallbackInfo@VBoolean@v8@@@2@@ZP6AXAEBV?$PropertyCallbackInfo@VArray@v8@@@2@@Z2@Z 0000000180002290 f i HID.obj
 0001:000012e0       ??0ExternalOneByteStringResourceImpl@v8@@QEAA@XZ 00000001800022e0 f i HID.obj
 0001:00001300       ??0ExternalOneByteStringResourceImpl@v8@@QEAA@PEBD_K@Z 0000000180002300 f i HID.obj
 0001:00001320       ?object_count@HeapObjectStatistics@v8@@QEAA_KXZ 0000000180002320 f i HID.obj
 0001:00001320       ?length@ExternalOneByteStringResourceImpl@v8@@UEBA_KXZ 0000000180002320 f i HID.obj
 0001:00001320       ?space_used_size@HeapSpaceStatistics@v8@@QEAA_KXZ 0000000180002320 f i HID.obj
 0001:00001320       ?total_physical_size@HeapStatistics@v8@@QEAA_KXZ 0000000180002320 f i HID.obj
 0001:00001320       ?source_length@Extension@v8@@QEBA_KXZ 0000000180002320 f i HID.obj
 0001:00001320       ?stack_limit@ResourceConstraints@v8@@QEBAPEAIXZ 0000000180002320 f i HID.obj
 0001:00001330       ??1Extension@v8@@UEAA@XZ   0000000180002330 f i HID.obj
 0001:00001350       ?GetNativeFunctionTemplate@Extension@v8@@UEAA?AV?$Local@VFunctionTemplate@v8@@@2@PEAVIsolate@2@V?$Local@VString@v8@@@2@@Z 0000000180002350 f i HID.obj
 0001:00001360       ?source@Extension@v8@@QEBAPEBVExternalOneByteStringResource@String@2@XZ 0000000180002360 f i HID.obj
 0001:00001370       ?dependency_count@Extension@v8@@QEAAHXZ 0000000180002370 f i HID.obj
 0001:00001380       ?dependencies@Extension@v8@@QEAAPEAPEBDXZ 0000000180002380 f i HID.obj
 0001:00001390       ?set_auto_enable@Extension@v8@@QEAAX_N@Z 0000000180002390 f i HID.obj
 0001:000013a0       ?auto_enable@Extension@v8@@QEAA_NXZ 00000001800023a0 f i HID.obj
 0001:000013b0       ?max_semi_space_size@ResourceConstraints@v8@@QEBAHXZ 00000001800023b0 f i HID.obj
 0001:000013c0       ?set_max_semi_space_size@ResourceConstraints@v8@@QEAAXH@Z 00000001800023c0 f i HID.obj
 0001:000013d0       ?max_old_space_size@ResourceConstraints@v8@@QEBAHXZ 00000001800023d0 f i HID.obj
 0001:000013e0       ?set_max_old_space_size@ResourceConstraints@v8@@QEAAXH@Z 00000001800023e0 f i HID.obj
 0001:000013f0       ?set_max_executable_size@ResourceConstraints@v8@@QEAAXH@Z 00000001800023f0 f i HID.obj
 0001:00001400       ?set_stack_limit@ResourceConstraints@v8@@QEAAXPEAI@Z 0000000180002400 f i HID.obj
 0001:00001410       ?max_available_threads@ResourceConstraints@v8@@QEBAHXZ 0000000180002410 f i HID.obj
 0001:00001420       ?set_max_available_threads@ResourceConstraints@v8@@QEAAXH@Z 0000000180002420 f i HID.obj
 0001:00001430       ?physical_space_size@HeapSpaceStatistics@v8@@QEAA_KXZ 0000000180002430 f i HID.obj
 0001:00001430       ?code_range_size@ResourceConstraints@v8@@QEBA_KXZ 0000000180002430 f i HID.obj
 0001:00001430       ?used_heap_size@HeapStatistics@v8@@QEAA_KXZ 0000000180002430 f i HID.obj
 0001:00001440       ?set_code_range_size@ResourceConstraints@v8@@QEAAX_K@Z 0000000180002440 f i HID.obj
 0001:00001450       ?space_available_size@HeapSpaceStatistics@v8@@QEAA_KXZ 0000000180002450 f i HID.obj
 0001:00001450       ?total_available_size@HeapStatistics@v8@@QEAA_KXZ 0000000180002450 f i HID.obj
 0001:00001450       hid_error                  0000000180002450 f i hidapi:hid.obj
 0001:00001450       ?object_size@HeapObjectStatistics@v8@@QEAA_KXZ 0000000180002450 f i HID.obj
 0001:00001460       ?heap_size_limit@HeapStatistics@v8@@QEAA_KXZ 0000000180002460 f i HID.obj
 0001:00001470       ??1ExternalResourceVisitor@v8@@UEAA@XZ 0000000180002470 f i HID.obj
 0001:00001470       ??1PersistentHandleVisitor@v8@@UEAA@XZ 0000000180002470 f i HID.obj
 0001:00001480       ??0Scope@Isolate@v8@@QEAA@PEAV12@@Z 0000000180002480 f i HID.obj
 0001:000014a0       ??1Scope@Isolate@v8@@QEAA@XZ 00000001800024a0 f i HID.obj
 0001:000014b0       ?JSStackComparableAddress@TryCatch@v8@@SAPEAXPEAV12@@Z 00000001800024b0 f i HID.obj
 0001:000014c0       ??0ExtensionConfiguration@v8@@QEAA@XZ 00000001800024c0 f i HID.obj
 0001:000014d0       ??0ExtensionConfiguration@v8@@QEAA@HQEAPEBD@Z 00000001800024d0 f i HID.obj
 0001:000014e0       ?end@ExtensionConfiguration@v8@@QEBAPEAPEBDXZ 00000001800024e0 f i HID.obj
 0001:000014f0       ??0Unlocker@v8@@QEAA@PEAVIsolate@1@@Z 00000001800024f0 f i HID.obj
 0001:00001510       ??0Locker@v8@@QEAA@PEAVIsolate@1@@Z 0000000180002510 f i HID.obj
 0001:00001530       ?New@Boolean@v8@@SA?AV?$Local@VBoolean@v8@@@2@PEAVIsolate@2@_N@Z 0000000180002530 f i HID.obj
 0001:00001550       ?Set@Template@v8@@QEAAXPEAVIsolate@2@PEBDV?$Local@VData@v8@@@2@@Z 0000000180002550 f i HID.obj
 0001:000015b0       ?GetInternalField@Object@v8@@QEAA?AV?$Local@VValue@v8@@@2@H@Z 00000001800025b0 f i HID.obj
 0001:00001600       ?GetAlignedPointerFromInternalField@Object@v8@@QEAAPEAXH@Z 0000000180002600 f i HID.obj
 0001:00001620       ?Empty@String@v8@@SA?AV?$Local@VString@v8@@@2@PEAVIsolate@2@@Z 0000000180002620 f i HID.obj
 0001:00001630       ?GetExternalStringResource@String@v8@@QEBAPEAVExternalStringResource@12@XZ 0000000180002630 f i HID.obj
 0001:00001650       ?GetExternalStringResourceBase@String@v8@@QEBAPEAVExternalStringResourceBase@12@PEAW4Encoding@12@@Z 0000000180002650 f i HID.obj
 0001:00001680       ?IsUndefined@Value@v8@@QEBA_NXZ 0000000180002680 f i HID.obj
 0001:000016b0       ?QuickIsUndefined@Value@v8@@AEBA_NXZ 00000001800026b0 f i HID.obj
 0001:000016e0       ?IsNull@Value@v8@@QEBA_NXZ 00000001800026e0 f i HID.obj
 0001:00001710       ?QuickIsNull@Value@v8@@AEBA_NXZ 0000000180002710 f i HID.obj
 0001:00001740       ?IsString@Value@v8@@QEBA_NXZ 0000000180002740 f i HID.obj
 0001:00001770       ?QuickIsString@Value@v8@@AEBA_NXZ 0000000180002770 f i HID.obj
 0001:000017a0       ?ToBoolean@Value@v8@@QEBA?AV?$Local@VBoolean@v8@@@2@XZ 00000001800027a0 f i HID.obj
 0001:000017f0       ?ToNumber@Value@v8@@QEBA?AV?$Local@VNumber@v8@@@2@XZ 00000001800027f0 f i HID.obj
 0001:00001840       ?ToString@Value@v8@@QEBA?AV?$Local@VString@v8@@@2@XZ 0000000180002840 f i HID.obj
 0001:00001890       ?ToDetailString@Value@v8@@QEBA?AV?$Local@VString@v8@@@2@XZ 0000000180002890 f i HID.obj
 0001:000018e0       ?ToObject@Value@v8@@QEBA?AV?$Local@VObject@v8@@@2@XZ 00000001800028e0 f i HID.obj
 0001:00001930       ?ToInteger@Value@v8@@QEBA?AV?$Local@VInteger@v8@@@2@XZ 0000000180002930 f i HID.obj
 0001:00001980       ?ToUint32@Value@v8@@QEBA?AV?$Local@VUint32@v8@@@2@XZ 0000000180002980 f i HID.obj
 0001:000019d0       ?ToInt32@Value@v8@@QEBA?AV?$Local@VInt32@v8@@@2@XZ 00000001800029d0 f i HID.obj
 0001:00001a20       ?SetData@Isolate@v8@@QEAAXIPEAX@Z 0000000180002a20 f i HID.obj
 0001:00001a30       ?GetData@Isolate@v8@@QEAAPEAXI@Z 0000000180002a30 f i HID.obj
 0001:00001a40       ?GetNumberOfDataSlots@Isolate@v8@@SAIXZ 0000000180002a40 f i HID.obj
 0001:00001a50       ?AdjustAmountOfExternalAllocatedMemory@Isolate@v8@@QEAA_J_J@Z 0000000180002a50 f i HID.obj
 0001:00001ab0       ?GetEmbedderData@Context@v8@@QEAA?AV?$Local@VValue@v8@@@2@H@Z 0000000180002ab0 f i HID.obj
 0001:00001ae0       ?GetAlignedPointerFromEmbedderData@Context@v8@@QEAAPEAXH@Z 0000000180002ae0 f i HID.obj
 0001:00001b00       ?SetAllowCodeGenerationFromStringsCallback@V8@v8@@SAXP6A_NV?$Local@VContext@v8@@@2@@Z@Z 0000000180002b00 f i HID.obj
 0001:00001b30       ?IsDead@V8@v8@@SA_NXZ      0000000180002b30 f i HID.obj
 0001:00001b50       ?AddMessageListener@V8@v8@@SA_NP6AXV?$Local@VMessage@v8@@@2@V?$Local@VValue@v8@@@2@@Z1@Z 0000000180002b50 f i HID.obj
 0001:00001b80       ?RemoveMessageListeners@V8@v8@@SAXP6AXV?$Local@VMessage@v8@@@2@V?$Local@VValue@v8@@@2@@Z@Z 0000000180002b80 f i HID.obj
 0001:00001bb0       ?SetFailedAccessCheckCallbackFunction@V8@v8@@SAXP6AXV?$Local@VObject@v8@@@2@W4AccessType@2@V?$Local@VValue@v8@@@2@@Z@Z 0000000180002bb0 f i HID.obj
 0001:00001be0       ?SetCaptureStackTraceForUncaughtExceptions@V8@v8@@SAX_NHW4StackTraceOptions@StackTrace@2@@Z 0000000180002be0 f i HID.obj
 0001:00001c20       ?SetFatalErrorHandler@V8@v8@@SAXP6AXPEBD0@Z@Z 0000000180002c20 f i HID.obj
 0001:00001c50       ?RemoveGCPrologueCallback@V8@v8@@SAXP6AXW4GCType@2@W4GCCallbackFlags@2@@Z@Z 0000000180002c50 f i HID.obj
 0001:00001c80       ?RemoveGCEpilogueCallback@V8@v8@@SAXP6AXW4GCType@2@W4GCCallbackFlags@2@@Z@Z 0000000180002c80 f i HID.obj
 0001:00001cb0       ?AddMemoryAllocationCallback@V8@v8@@SAXP6AXW4ObjectSpace@2@W4AllocationAction@2@H@Z01@Z 0000000180002cb0 f i HID.obj
 0001:00001cf0       ?RemoveMemoryAllocationCallback@V8@v8@@SAXP6AXW4ObjectSpace@2@W4AllocationAction@2@H@Z@Z 0000000180002cf0 f i HID.obj
 0001:00001d20       ?TerminateExecution@V8@v8@@SAXPEAVIsolate@2@@Z 0000000180002d20 f i HID.obj
 0001:00001d30       ?IsExecutionTerminating@V8@v8@@SA_NPEAVIsolate@2@@Z 0000000180002d30 f i HID.obj
 0001:00001d50       ?CancelTerminateExecution@V8@v8@@SAXPEAVIsolate@2@@Z 0000000180002d50 f i HID.obj
 0001:00001d60       ?VisitExternalResources@V8@v8@@SAXPEAVExternalResourceVisitor@2@@Z 0000000180002d60 f i HID.obj
 0001:00001d90       ?VisitHandlesWithClassIds@V8@v8@@SAXPEAVPersistentHandleVisitor@2@@Z 0000000180002d90 f i HID.obj
 0001:00001dc0       ?VisitHandlesWithClassIds@V8@v8@@SAXPEAVIsolate@2@PEAVPersistentHandleVisitor@2@@Z 0000000180002dc0 f i HID.obj
 0001:00001dd0       ?VisitHandlesForPartialDependence@V8@v8@@SAXPEAVIsolate@2@PEAVPersistentHandleVisitor@2@@Z 0000000180002dd0 f i HID.obj
 0001:00001de0       ??_EExternalStringResource@String@v8@@UEAAPEAXI@Z 0000000180002de0 f i HID.obj
 0001:00001de0       ??_EExternalStringResourceBase@String@v8@@UEAAPEAXI@Z 0000000180002de0 f i HID.obj
 0001:00001de0       ??_EExternalOneByteStringResource@String@v8@@UEAAPEAXI@Z 0000000180002de0 f i HID.obj
 0001:00001e70       ??0Allocator@ArrayBuffer@v8@@QEAA@AEBV012@@Z 0000000180002e70 f i HID.obj
 0001:00001e70       ??0Allocator@ArrayBuffer@v8@@QEAA@XZ 0000000180002e70 f i HID.obj
 0001:00001e80       ??_EAllocator@ArrayBuffer@v8@@UEAAPEAXI@Z 0000000180002e80 f i HID.obj
 0001:00001f10       ??4StartupData@v8@@QEAAAEAV01@AEBV01@@Z 0000000180002f10 f i HID.obj
 0001:00001f10       ??4Contents@SharedArrayBuffer@v8@@QEAAAEAV012@AEBV012@@Z 0000000180002f10 f i HID.obj
 0001:00001f10       ??4Contents@ArrayBuffer@v8@@QEAAAEAV012@AEBV012@@Z 0000000180002f10 f i HID.obj
 0001:00001f20       ??4Contents@SharedArrayBuffer@v8@@QEAAAEAV012@$$QEAV012@@Z 0000000180002f20 f i HID.obj
 0001:00001f20       ??4Contents@ArrayBuffer@v8@@QEAAAEAV012@$$QEAV012@@Z 0000000180002f20 f i HID.obj
 0001:00001f40       ??_EExternalOneByteStringResourceImpl@v8@@UEAAPEAXI@Z 0000000180002f40 f i HID.obj
 0001:00001fd0       ??_EExtension@v8@@UEAAPEAXI@Z 0000000180002fd0 f i HID.obj
 0001:00002080       ??4ResourceConstraints@v8@@QEAAAEAV01@AEBV01@@Z 0000000180003080 f i HID.obj
 0001:00002080       ??4HeapSpaceStatistics@v8@@QEAAAEAV01@AEBV01@@Z 0000000180003080 f i HID.obj
 0001:000020a0       ??4ResourceConstraints@v8@@QEAAAEAV01@$$QEAV01@@Z 00000001800030a0 f i HID.obj
 0001:000020d0       ??4HeapStatistics@v8@@QEAAAEAV01@AEBV01@@Z 00000001800030d0 f i HID.obj
 0001:000020f0       ??4HeapStatistics@v8@@QEAAAEAV01@$$QEAV01@@Z 00000001800030f0 f i HID.obj
 0001:00002130       ??4HeapSpaceStatistics@v8@@QEAAAEAV01@$$QEAV01@@Z 0000000180003130 f i HID.obj
 0001:00002160       ??4HeapObjectStatistics@v8@@QEAAAEAV01@AEBV01@@Z 0000000180003160 f i HID.obj
 0001:00002180       ??4HeapObjectStatistics@v8@@QEAAAEAV01@$$QEAV01@@Z 0000000180003180 f i HID.obj
 0001:000021b0       ??0ExternalResourceVisitor@v8@@QEAA@XZ 00000001800031b0 f i HID.obj
 0001:000021b0       ??0ExternalResourceVisitor@v8@@QEAA@AEBV01@@Z 00000001800031b0 f i HID.obj
 0001:000021b0       ??0PersistentHandleVisitor@v8@@QEAA@XZ 00000001800031b0 f i HID.obj
 0001:000021b0       ??0PersistentHandleVisitor@v8@@QEAA@AEBV01@@Z 00000001800031b0 f i HID.obj
 0001:000021c0       ??_EPersistentHandleVisitor@v8@@UEAAPEAXI@Z 00000001800031c0 f i HID.obj
 0001:000021c0       ??_EExternalResourceVisitor@v8@@UEAAPEAXI@Z 00000001800031c0 f i HID.obj
 0001:00002250       ??4StartupData@v8@@QEAAAEAV01@$$QEAV01@@Z 0000000180003250 f i HID.obj
 0001:00002260       ??4Unlocker@v8@@QEAAAEAV01@AEBV01@@Z 0000000180003260 f i HID.obj
 0001:00002320       ?New@?$Factory@VFunctionTemplate@v8@@@imp@Nan@@SA?AV?$Local@VFunctionTemplate@v8@@@v8@@P6AXAEBV?$FunctionCallbackInfo@VValue@v8@@@3@@ZV?$Local@VValue@v8@@@5@V?$Local@VSignature@v8@@@5@@Z 0000000180003320 f i HID.obj
 0001:000024b0       ??0Callback@Nan@@QEAA@AEBV?$Local@VFunction@v8@@@v8@@@Z 00000001800034b0 f i HID.obj
 0001:000025c0       ?Ref@ObjectWrap@Nan@@MEAAXXZ 00000001800035c0 f i HID.obj
 0001:00002600       ?Unref@ObjectWrap@Nan@@MEAAXXZ 0000000180003600 f i HID.obj
 0001:000026b0       ?WeakCallback@ObjectWrap@Nan@@CAXAEBV?$WeakCallbackInfo@VObjectWrap@Nan@@@v8@@@Z 00000001800036b0 f i HID.obj
 0001:00002740       ??_EObjectWrap@Nan@@UEAAPEAXI@Z 0000000180003740 f i * CIL library *:* CIL module *
 0001:00002740       ??_GObjectWrap@Nan@@UEAAPEAXI@Z 0000000180003740 f i HID.obj
 0001:000027d0       ??1JSException@@UEAA@XZ    00000001800037d0 f i HID.obj
 0001:000027f0       ?message@JSException@@UEBA?BV?$basic_string@DU?$char_traits@D@std@@V?$allocator@D@2@@std@@XZ 00000001800037f0 f i HID.obj
 0001:00002830       ?asV8Exception@JSException@@UEBAXXZ 0000000180003830 f i HID.obj
 0001:000029b0       ??_GJSException@@UEAAPEAXI@Z 00000001800039b0 f i HID.obj
 0001:000029b0       ??_EJSException@@UEAAPEAXI@Z 00000001800039b0 f i * CIL library *:* CIL module *
 0001:00002a00       ??1HID@@EEAA@XZ            0000000180003a00 f i HID.obj
 0001:00002ad0       ??_EHID@@EEAAPEAXI@Z       0000000180003ad0 f i * CIL library *:* CIL module *
 0001:00002ad0       ??_GHID@@EEAAPEAXI@Z       0000000180003ad0 f i HID.obj
 0001:00002b10       ??0HID@@AEAA@GGPEA_W@Z     0000000180003b10 f   HID.obj
 0001:00002c60       ??0JSException@@QEAA@AEBV0@@Z 0000000180003c60 f i HID.obj
 0001:00002cb0       ??0HID@@AEAA@PEBD@Z        0000000180003cb0 f   HID.obj
 0001:00002dc0       ?close@HID@@QEAAXXZ        0000000180003dc0 f   HID.obj
 0001:00002e20       ?recvAsync@HID@@CAXPEAUuv_work_s@@@Z 0000000180003e20 f   HID.obj
 0001:00003080       ?readResultsToJSCallbackArguments@HID@@AEAAXPEAUReceiveIOCB@1@QEAV?$Local@VValue@v8@@@v8@@@Z 0000000180004080 f   HID.obj
 0001:00003320       ?recvAsyncDone@HID@@CAXPEAUuv_work_s@@@Z 0000000180004320 f   HID.obj
 0001:00003510       ?read@HID@@CAXAEBV?$FunctionCallbackInfo@VValue@v8@@@Nan@@@Z 0000000180004510 f   HID.obj
 0001:00003720       ?readSync@HID@@CAXAEBV?$FunctionCallbackInfo@VValue@v8@@@Nan@@@Z 0000000180004720 f   HID.obj
 0001:000039a0       ?readTimeout@HID@@CAXAEBV?$FunctionCallbackInfo@VValue@v8@@@Nan@@@Z 00000001800049a0 f   HID.obj
 0001:00003c90       ?getFeatureReport@HID@@CAXAEBV?$FunctionCallbackInfo@VValue@v8@@@Nan@@@Z 0000000180004c90 f   HID.obj
 0001:00003f70       ?sendFeatureReport@HID@@CAXAEBV?$FunctionCallbackInfo@VValue@v8@@@Nan@@@Z 0000000180004f70 f   HID.obj
 0001:00004580       ?New@HID@@CAXAEBV?$FunctionCallbackInfo@VValue@v8@@@Nan@@@Z 0000000180005580 f   HID.obj
 0001:00004a40       ?close@HID@@CAXAEBV?$FunctionCallbackInfo@VValue@v8@@@Nan@@@Z 0000000180005a40 f   HID.obj
 0001:00004aa0       ?setNonBlocking@HID@@CAXAEBV?$FunctionCallbackInfo@VValue@v8@@@Nan@@@Z 0000000180005aa0 f   HID.obj
 0001:00004bd0       ?write@HID@@CAXAEBV?$FunctionCallbackInfo@VValue@v8@@@Nan@@@Z 0000000180005bd0 f   HID.obj
 0001:00005370       ?devices@HID@@SAXAEBV?$FunctionCallbackInfo@VValue@v8@@@Nan@@@Z 0000000180006370 f   HID.obj
 0001:00005d30       ?Initialize@HID@@SAXV?$Local@VObject@v8@@@v8@@@Z 0000000180006d30 f   HID.obj
 0001:00006710       ??1?$basic_string@DU?$char_traits@D@std@@V?$allocator@D@2@@std@@QEAA@XZ 0000000180007710 f i HID.obj
 0001:000067a0       ??1?$basic_ostringstream@DU?$char_traits@D@std@@V?$allocator@D@2@@std@@UEAA@XZ 00000001800077a0 f i HID.obj
 0001:00006880       ??0?$basic_ostringstream@DU?$char_traits@D@std@@V?$allocator@D@2@@std@@QEAA@H@Z 0000000180007880 f i HID.obj
 0001:000069c0       ?seekpos@?$basic_stringbuf@DU?$char_traits@D@std@@V?$allocator@D@2@@std@@MEAA?AV?$fpos@U_Mbstatet@@@2@V32@H@Z 00000001800079c0 f i HID.obj
 0001:00006ad0       ?seekoff@?$basic_stringbuf@DU?$char_traits@D@std@@V?$allocator@D@2@@std@@MEAA?AV?$fpos@U_Mbstatet@@@2@_JHH@Z 0000000180007ad0 f i HID.obj
 0001:00006c60       ?underflow@?$basic_stringbuf@DU?$char_traits@D@std@@V?$allocator@D@2@@std@@MEAAHXZ 0000000180007c60 f i HID.obj
 0001:00006cc0       ?pbackfail@?$basic_stringbuf@DU?$char_traits@D@std@@V?$allocator@D@2@@std@@MEAAHH@Z 0000000180007cc0 f i HID.obj
 0001:00006d10       ?overflow@?$basic_stringbuf@DU?$char_traits@D@std@@V?$allocator@D@2@@std@@MEAAHH@Z 0000000180007d10 f i HID.obj
 0001:00006f80       ??6?$basic_ostream@DU?$char_traits@D@std@@@std@@QEAAAEAV01@G@Z 0000000180007f80 f i HID.obj
 0001:00007160       ?showmanyc@?$basic_streambuf@DU?$char_traits@D@std@@@std@@MEAA_JXZ 0000000180008160 f i HID.obj
 0001:00007160       ?sync@?$basic_streambuf@DU?$char_traits@D@std@@@std@@MEAAHXZ 0000000180008160 f i HID.obj
 0001:00007170       ?seekoff@?$basic_streambuf@DU?$char_traits@D@std@@@std@@MEAA?AV?$fpos@U_Mbstatet@@@2@_JHH@Z 0000000180008170 f i HID.obj
 0001:00007170       ?seekpos@?$basic_streambuf@DU?$char_traits@D@std@@@std@@MEAA?AV?$fpos@U_Mbstatet@@@2@V32@H@Z 0000000180008170 f i HID.obj
 0001:00007190       ?xsputn@?$basic_streambuf@DU?$char_traits@D@std@@@std@@MEAA_JPEBD_J@Z 0000000180008190 f i HID.obj
 0001:00007250       ?xsgetn@?$basic_streambuf@DU?$char_traits@D@std@@@std@@MEAA_JPEAD_J@Z 0000000180008250 f i HID.obj
 0001:00007350       ?uflow@?$basic_streambuf@DU?$char_traits@D@std@@@std@@MEAAHXZ 0000000180008350 f i HID.obj
 0001:00007390       ?underflow@?$basic_streambuf@DU?$char_traits@D@std@@@std@@MEAAHXZ 0000000180008390 f i HID.obj
 0001:00007390       ?overflow@?$basic_streambuf@DU?$char_traits@D@std@@@std@@MEAAHH@Z 0000000180008390 f i HID.obj
 0001:00007390       ?pbackfail@?$basic_streambuf@DU?$char_traits@D@std@@@std@@MEAAHH@Z 0000000180008390 f i HID.obj
 0001:000073a0       ??_G?$basic_ostringstream@DU?$char_traits@D@std@@V?$allocator@D@2@@std@@UEAAPEAXI@Z 00000001800083a0 f i HID.obj
 0001:000073a0       ??_E?$basic_ostringstream@DU?$char_traits@D@std@@V?$allocator@D@2@@std@@UEAAPEAXI@Z 00000001800083a0 f i * CIL library *:* CIL module *
 0001:00007410       ??_E?$basic_stringbuf@DU?$char_traits@D@std@@V?$allocator@D@2@@std@@UEAAPEAXI@Z 0000000180008410 f i * CIL library *:* CIL module *
 0001:00007410       ??_G?$basic_stringbuf@DU?$char_traits@D@std@@V?$allocator@D@2@@std@@UEAAPEAXI@Z 0000000180008410 f i HID.obj
 0001:000074a0       ??_G?$basic_ostream@DU?$char_traits@D@std@@@std@@UEAAPEAXI@Z 00000001800084a0 f i HID.obj
 0001:000074a0       ??_E?$basic_ostream@DU?$char_traits@D@std@@@std@@UEAAPEAXI@Z 00000001800084a0 f i * CIL library *:* CIL module *
 0001:00007510       ??_E?$basic_streambuf@DU?$char_traits@D@std@@@std@@UEAAPEAXI@Z 0000000180008510 f i * CIL library *:* CIL module *
 0001:00007510       ??_G?$basic_streambuf@DU?$char_traits@D@std@@@std@@UEAAPEAXI@Z 0000000180008510 f i HID.obj
 0001:00007590       ??_Glocale@std@@QEAAPEAXI@Z 0000000180008590 f i HID.obj
 0001:000075f0       ??_E?$basic_ios@DU?$char_traits@D@std@@@std@@UEAAPEAXI@Z 00000001800085f0 f i * CIL library *:* CIL module *
 0001:000075f0       ??_G?$basic_ios@DU?$char_traits@D@std@@@std@@UEAAPEAXI@Z 00000001800085f0 f i HID.obj
 0001:00007630       ?_Tidy@?$vector@EV?$allocator@E@std@@@std@@IEAAXXZ 0000000180008630 f i HID.obj
 0001:000076b0       ??0sentry@?$basic_ostream@DU?$char_traits@D@std@@@std@@QEAA@AEAV12@@Z 00000001800086b0 f i HID.obj
 0001:00007730       ?do_put@?$num_put@DV?$ostreambuf_iterator@DU?$char_traits@D@std@@@std@@@std@@MEBA?AV?$ostreambuf_iterator@DU?$char_traits@D@std@@@2@V32@AEAVios_base@2@DPEBX@Z 0000000180008730 f i HID.obj
 0001:000077d0       ?do_put@?$num_put@DV?$ostreambuf_iterator@DU?$char_traits@D@std@@@std@@@std@@MEBA?AV?$ostreambuf_iterator@DU?$char_traits@D@std@@@2@V32@AEAVios_base@2@DO@Z 00000001800087d0 f i HID.obj
 0001:00007a50       ?do_put@?$num_put@DV?$ostreambuf_iterator@DU?$char_traits@D@std@@@std@@@std@@MEBA?AV?$ostreambuf_iterator@DU?$char_traits@D@std@@@2@V32@AEAVios_base@2@DN@Z 0000000180008a50 f i HID.obj
 0001:00007cd0       ?do_put@?$num_put@DV?$ostreambuf_iterator@DU?$char_traits@D@std@@@std@@@std@@MEBA?AV?$ostreambuf_iterator@DU?$char_traits@D@std@@@2@V32@AEAVios_base@2@D_K@Z 0000000180008cd0 f i HID.obj
 0001:00007dd0       ?do_put@?$num_put@DV?$ostreambuf_iterator@DU?$char_traits@D@std@@@std@@@std@@MEBA?AV?$ostreambuf_iterator@DU?$char_traits@D@std@@@2@V32@AEAVios_base@2@D_J@Z 0000000180008dd0 f i HID.obj
 0001:00007ed0       ?do_put@?$num_put@DV?$ostreambuf_iterator@DU?$char_traits@D@std@@@std@@@std@@MEBA?AV?$ostreambuf_iterator@DU?$char_traits@D@std@@@2@V32@AEAVios_base@2@DK@Z 0000000180008ed0 f i HID.obj
 0001:00007fd0       ?do_put@?$num_put@DV?$ostreambuf_iterator@DU?$char_traits@D@std@@@std@@@std@@MEBA?AV?$ostreambuf_iterator@DU?$char_traits@D@std@@@2@V32@AEAVios_base@2@DJ@Z 0000000180008fd0 f i HID.obj
 0001:000080d0       ?do_put@?$num_put@DV?$ostreambuf_iterator@DU?$char_traits@D@std@@@std@@@std@@MEBA?AV?$ostreambuf_iterator@DU?$char_traits@D@std@@@2@V32@AEAVios_base@2@D_N@Z 00000001800090d0 f i HID.obj
 0001:000085c0       ?assign@?$basic_string@_WU?$char_traits@_W@std@@V?$allocator@_W@2@@std@@QEAAAEAV12@PEB_W_K@Z 00000001800095c0 f i HID.obj
 0001:00008710       ?_Tidy@?$basic_string@DU?$char_traits@D@std@@V?$allocator@D@2@@std@@QEAAX_N_K@Z 0000000180009710 f i HID.obj
 0001:000087c0       ?assign@?$basic_string@DU?$char_traits@D@std@@V?$allocator@D@2@@std@@QEAAAEAV12@_KD@Z 00000001800097c0 f i HID.obj
 0001:000088d0       ?assign@?$basic_string@DU?$char_traits@D@std@@V?$allocator@D@2@@std@@QEAAAEAV12@PEBD_K@Z 00000001800098d0 f i HID.obj
 0001:00008a10       ?assign@?$basic_string@DU?$char_traits@D@std@@V?$allocator@D@2@@std@@QEAAAEAV12@AEBV12@_K1@Z 0000000180009a10 f i HID.obj
 0001:00008b40       ?append@?$basic_string@DU?$char_traits@D@std@@V?$allocator@D@2@@std@@QEAAAEAV12@PEBD_K@Z 0000000180009b40 f i HID.obj
 0001:00008c90       ?append@?$basic_string@DU?$char_traits@D@std@@V?$allocator@D@2@@std@@QEAAAEAV12@AEBV12@_K1@Z 0000000180009c90 f i HID.obj
 0001:00008dc0       ?_Tidy@?$basic_stringbuf@DU?$char_traits@D@std@@V?$allocator@D@2@@std@@IEAAXXZ 0000000180009dc0 f i HID.obj
 0001:00008e90       ?str@?$basic_stringbuf@DU?$char_traits@D@std@@V?$allocator@D@2@@std@@QEBA?AV?$basic_string@DU?$char_traits@D@std@@V?$allocator@D@2@@2@XZ 0000000180009e90 f i HID.obj
 0001:00009020       ?allocate@?$allocator@D@std@@QEAAPEAD_K@Z 000000018000a020 f i HID.obj
 0001:00009020       ?allocate@?$_Wrap_alloc@V?$allocator@E@std@@@std@@QEAAPEAE_K@Z 000000018000a020 f i HID.obj
 0001:00009090       ?deallocate@?$_Wrap_alloc@V?$allocator@D@std@@@std@@QEAAXPEAD_K@Z 000000018000a090 f i HID.obj
 0001:00009090       ?deallocate@?$allocator@D@std@@QEAAXPEAD_K@Z 000000018000a090 f i HID.obj
 0001:000090f0       ??0?$basic_ostream@DU?$char_traits@D@std@@@std@@QEAA@PEAV?$basic_streambuf@DU?$char_traits@D@std@@@1@_N@Z 000000018000a0f0 f i HID.obj
 0001:00009160       ?_Pnavail@?$basic_streambuf@DU?$char_traits@D@std@@@std@@IEBA_JXZ 000000018000a160 f i HID.obj
 0001:00009180       ?_Gnavail@?$basic_streambuf@DU?$char_traits@D@std@@@std@@IEBA_JXZ 000000018000a180 f i HID.obj
 0001:000091a0       ??_G?$codecvt@DDU_Mbstatet@@@std@@MEAAPEAXI@Z 000000018000a1a0 f i libcpmt:cerr.obj
 0001:000091a0       ??_E?$codecvt@DDU_Mbstatet@@@std@@MEAAPEAXI@Z 000000018000a1a0 f i libcpmt:cerr.obj
 0001:000091a0       ??_G?$num_put@DV?$ostreambuf_iterator@DU?$char_traits@D@std@@@std@@@std@@MEAAPEAXI@Z 000000018000a1a0 f i HID.obj
 0001:000091a0       ??_E?$num_put@DV?$ostreambuf_iterator@DU?$char_traits@D@std@@@std@@@std@@MEAAPEAXI@Z 000000018000a1a0 f i * CIL library *:* CIL module *
 0001:000091d0       ?do_truename@?$numpunct@D@std@@MEBA?AV?$basic_string@DU?$char_traits@D@std@@V?$allocator@D@2@@2@XZ 000000018000a1d0 f i HID.obj
 0001:00009220       ?do_falsename@?$numpunct@D@std@@MEBA?AV?$basic_string@DU?$char_traits@D@std@@V?$allocator@D@2@@2@XZ 000000018000a220 f i HID.obj
 0001:00009270       ?do_grouping@?$numpunct@D@std@@MEBA?AV?$basic_string@DU?$char_traits@D@std@@V?$allocator@D@2@@2@XZ 000000018000a270 f i HID.obj
 0001:000092c0       ?do_thousands_sep@?$numpunct@D@std@@MEBADXZ 000000018000a2c0 f i HID.obj
 0001:000092d0       ?do_decimal_point@?$numpunct@D@std@@MEBADXZ 000000018000a2d0 f i HID.obj
 0001:000092e0       ?_Reallocate@?$vector@EV?$allocator@E@std@@@std@@IEAAX_K@Z 000000018000a2e0 f i HID.obj
 0001:00009420       ?deallocate@?$_Wrap_alloc@V?$allocator@_W@std@@@std@@QEAAXPEA_W_K@Z 000000018000a420 f i HID.obj
 0001:00009490       ?_Iput@?$num_put@DV?$ostreambuf_iterator@DU?$char_traits@D@std@@@std@@@std@@AEBA?AV?$ostreambuf_iterator@DU?$char_traits@D@std@@@2@V32@AEAVios_base@2@DPEAD_K@Z 000000018000a490 f i HID.obj
 0001:00009c80       ?_Fput@?$num_put@DV?$ostreambuf_iterator@DU?$char_traits@D@std@@@std@@@std@@AEBA?AV?$ostreambuf_iterator@DU?$char_traits@D@std@@@2@V32@AEAVios_base@2@DPEBD_K@Z 000000018000ac80 f i HID.obj
 0001:0000a500       ?assign@?$basic_string@_WU?$char_traits@_W@std@@V?$allocator@_W@2@@std@@QEAAAEAV12@AEBV12@_K1@Z 000000018000b500 f i HID.obj
 0001:0000a650       ?erase@?$basic_string@DU?$char_traits@D@std@@V?$allocator@D@2@@std@@QEAAAEAV12@_K0@Z 000000018000b650 f i HID.obj
 0001:0000a720       ?append@?$basic_string@DU?$char_traits@D@std@@V?$allocator@D@2@@std@@QEAAAEAV12@_KD@Z 000000018000b720 f i HID.obj
 0001:0000a830       ?assign@?$basic_string@DU?$char_traits@D@std@@V?$allocator@D@2@@std@@QEAAAEAV12@$$QEAV12@@Z 000000018000b830 f i HID.obj
 0001:0000a930       ?flush@?$basic_ostream@DU?$char_traits@D@std@@@std@@QEAAAEAV12@XZ 000000018000b930 f i HID.obj
 0001:0000aa60       ??0?$basic_streambuf@DU?$char_traits@D@std@@@std@@IEAA@XZ 000000018000ba60 f i HID.obj
 0001:0000ab00       ?init@?$basic_ios@DU?$char_traits@D@std@@@std@@IEAAXPEAV?$basic_streambuf@DU?$char_traits@D@std@@@2@_N@Z 000000018000bb00 f i HID.obj
 0001:0000abd0       ??_E?$numpunct@D@std@@MEAAPEAXI@Z 000000018000bbd0 f i * CIL library *:* CIL module *
 0001:0000abd0       ??_G?$numpunct@D@std@@MEAAPEAXI@Z 000000018000bbd0 f i HID.obj
 0001:0000ac30       ?_Copy@?$basic_string@_WU?$char_traits@_W@std@@V?$allocator@_W@2@@std@@QEAAX_K0@Z 000000018000bc30 f i HID.obj
 0001:0000ad20       ?erase@?$basic_string@_WU?$char_traits@_W@std@@V?$allocator@_W@2@@std@@QEAAAEAV12@_K0@Z 000000018000bd20 f i HID.obj
 0001:0000add0       ?_Copy@?$basic_string@DU?$char_traits@D@std@@V?$allocator@D@2@@std@@QEAAX_K0@Z 000000018000bdd0 f i HID.obj
 0001:0000af60       ?widen@?$basic_ios@DU?$char_traits@D@std@@@std@@QEBADD@Z 000000018000bf60 f i HID.obj
 0001:0000b000       ?allocate@?$_Wrap_alloc@V?$allocator@_W@std@@@std@@QEAAPEA_W_K@Z 000000018000c000 f i HID.obj
 0001:0000b080       ??$use_facet@V?$ctype@D@std@@@std@@YAAEBV?$ctype@D@0@AEBVlocale@0@@Z 000000018000c080 f i HID.obj
 0001:0000b1b0       ??$_Immortalize@V_Iostream_error_category@std@@@std@@YAAEAV_Iostream_error_category@0@XZ 000000018000c1b0 f i HID.obj
 0001:0000b230       ??$?6U?$char_traits@D@std@@@std@@YAAEAV?$basic_ostream@DU?$char_traits@D@std@@@0@AEAV10@D@Z 000000018000c230 f i HID.obj
 0001:0000b4c0       ??$?6U?$char_traits@D@std@@@std@@YAAEAV?$basic_ostream@DU?$char_traits@D@std@@@0@AEAV10@PEBD@Z 000000018000c4c0 f i HID.obj
 0001:0000b740       ??$Unwrap@VHID@@@ObjectWrap@Nan@@SAPEAVHID@@V?$Local@VObject@v8@@@v8@@@Z 000000018000c740 f i HID.obj
 0001:0000b7c0       ??$use_facet@V?$num_put@DV?$ostreambuf_iterator@DU?$char_traits@D@std@@@std@@@std@@@std@@YAAEBV?$num_put@DV?$ostreambuf_iterator@DU?$char_traits@D@std@@@std@@@0@AEBVlocale@0@@Z 000000018000c7c0 f i HID.obj
 0001:0000b940       ??$use_facet@V?$numpunct@D@std@@@std@@YAAEBV?$numpunct@D@0@AEBVlocale@0@@Z 000000018000c940 f i HID.obj
 0001:0000ba70       ?_Getcat@?$numpunct@D@std@@SA_KPEAPEBVfacet@locale@2@PEBV42@@Z 000000018000ca70 f i HID.obj
 0001:0000bb30       ?put@?$basic_ostream@DU?$char_traits@D@std@@@std@@QEAAAEAV12@D@Z 000000018000cb30 f i HID.obj
 0001:0000bcc0       ?_Init@?$numpunct@D@std@@IEAAXAEBV_Locinfo@2@_N@Z 000000018000ccc0 f i HID.obj
 0001:0000be34       ??_E?$basic_ostringstream@DU?$char_traits@D@std@@V?$allocator@D@2@@std@@$4PPPPPPPM@A@EAAPEAXI@Z 000000018000ce34 f i HID.obj
 0001:0000be40       ??_E?$basic_ostream@DU?$char_traits@D@std@@@std@@$4PPPPPPPM@A@EAAPEAXI@Z 000000018000ce40 f i HID.obj
 0001:0000c120       hid_init                   000000018000d120 f   hidapi:hid.obj
 0001:0000c170       hid_exit                   000000018000d170 f   hidapi:hid.obj
 0001:0000c1a0       hid_enumerate              000000018000d1a0 f   hidapi:hid.obj
 0001:0000c680       hid_free_enumeration       000000018000d680 f   hidapi:hid.obj
 0001:0000c6e0       hid_open                   000000018000d6e0 f   hidapi:hid.obj
 0001:0000c7d0       hid_open_path              000000018000d7d0 f   hidapi:hid.obj
 0001:0000c9f0       hid_write                  000000018000d9f0 f   hidapi:hid.obj
 0001:0000cbb0       hid_read_timeout           000000018000dbb0 f   hidapi:hid.obj
 0001:0000cd50       hid_read                   000000018000dd50 f   hidapi:hid.obj
 0001:0000cd60       hid_set_nonblocking        000000018000dd60 f   hidapi:hid.obj
 0001:0000cd70       hid_send_feature_report    000000018000dd70 f   hidapi:hid.obj
 0001:0000ce10       hid_get_feature_report     000000018000de10 f   hidapi:hid.obj
 0001:0000cf80       hid_close                  000000018000df80 f   hidapi:hid.obj
 0001:0000cfd0       hid_get_manufacturer_string 000000018000dfd0 f   hidapi:hid.obj
 0001:0000d070       hid_get_product_string     000000018000e070 f   hidapi:hid.obj
 0001:0000d110       hid_get_serial_number_string 000000018000e110 f   hidapi:hid.obj
 0001:0000d1b0       hid_get_indexed_string     000000018000e1b0 f   hidapi:hid.obj
 0001:0000d24d       __imp_load_uv_queue_work   000000018000e24d f   node:node.exe
 0001:0000d259       __tailMerge_node_exe       000000018000e259 f i node:node.exe
 0001:0000d2d2       __imp_load_?Global@Context@v8@@QEAA?AV?$Local@VObject@v8@@@2@XZ 000000018000e2d2 f   node:node.exe
 0001:0000d2de       __imp_load_?Value@External@v8@@QEBAPEAXXZ 000000018000e2de f   node:node.exe
 0001:0000d2ea       __imp_load_?New@External@v8@@SA?AV?$Local@VExternal@v8@@@2@PEAVIsolate@2@PEAX@Z 000000018000e2ea f   node:node.exe
 0001:0000d2f6       __imp_load_?NewFromUnsigned@Integer@v8@@SA?AV?$Local@VInteger@v8@@@2@PEAVIsolate@2@I@Z 000000018000e2f6 f   node:node.exe
 0001:0000d302       __imp_load_?New@Integer@v8@@SA?AV?$Local@VInteger@v8@@@2@PEAVIsolate@2@H@Z 000000018000e302 f   node:node.exe
 0001:0000d30e       __imp_load_?New@Signature@v8@@SA?AV?$Local@VSignature@v8@@@2@PEAVIsolate@2@V?$Local@VFunctionTemplate@v8@@@2@@Z 000000018000e30e f   node:node.exe
 0001:0000d31a       __imp_load_?CollectAllGarbage@Isolate@v8@@AEAAXPEBD@Z 000000018000e31a f   node:node.exe
 0001:0000d326       __imp_load_?VisitHandlesForPartialDependence@Isolate@v8@@QEAAXPEAVPersistentHandleVisitor@2@@Z 000000018000e326 f   node:node.exe
 0001:0000d332       __imp_load_?VisitHandlesWithClassIds@Isolate@v8@@QEAAXPEAVPersistentHandleVisitor@2@@Z 000000018000e332 f   node:node.exe
 0001:0000d33e       __imp_load_?VisitExternalResources@Isolate@v8@@QEAAXPEAVExternalResourceVisitor@2@@Z 000000018000e33e f   node:node.exe
 0001:0000d34a       __imp_load_?RemoveMemoryAllocationCallback@Isolate@v8@@QEAAXP6AXW4ObjectSpace@2@W4AllocationAction@2@H@Z@Z 000000018000e34a f   node:node.exe
 0001:0000d356       __imp_load_?AddMemoryAllocationCallback@Isolate@v8@@QEAAXP6AXW4ObjectSpace@2@W4AllocationAction@2@H@Z01@Z 000000018000e356 f   node:node.exe
 0001:0000d362       __imp_load_?SetCaptureStackTraceForUncaughtExceptions@Isolate@v8@@QEAAX_NHW4StackTraceOptions@StackTrace@2@@Z 000000018000e362 f   node:node.exe
 0001:0000d36e       __imp_load_?SetFailedAccessCheckCallbackFunction@Isolate@v8@@QEAAXP6AXV?$Local@VObject@v8@@@2@W4AccessType@2@V?$Local@VValue@v8@@@2@@Z@Z 000000018000e36e f   node:node.exe
 0001:0000d37a       __imp_load_?RemoveMessageListeners@Isolate@v8@@QEAAXP6AXV?$Local@VMessage@v8@@@2@V?$Local@VValue@v8@@@2@@Z@Z 000000018000e37a f   node:node.exe
 0001:0000d386       __imp_load_?AddMessageListener@Isolate@v8@@QEAA_NP6AXV?$Local@VMessage@v8@@@2@V?$Local@VValue@v8@@@2@@Z1@Z 000000018000e386 f   node:node.exe
 0001:0000d392       __imp_load_?IsDead@Isolate@v8@@QEAA_NXZ 000000018000e392 f   node:node.exe
 0001:0000d39e       __imp_load_?SetAllowCodeGenerationFromStringsCallback@Isolate@v8@@QEAAXP6A_NV?$Local@VContext@v8@@@2@@Z@Z 000000018000e39e f   node:node.exe
 0001:0000d3aa       __imp_load_?SetFatalErrorHandler@Isolate@v8@@QEAAXP6AXPEBD0@Z@Z 000000018000e3aa f   node:node.exe
 0001:0000d3b6       __imp_load_?CancelTerminateExecution@Isolate@v8@@QEAAXXZ 000000018000e3b6 f   node:node.exe
 0001:0000d3c2       __imp_load_?IsExecutionTerminating@Isolate@v8@@QEAA_NXZ 000000018000e3c2 f   node:node.exe
 0001:0000d3ce       __imp_load_?TerminateExecution@Isolate@v8@@QEAAXXZ 000000018000e3ce f   node:node.exe
 0001:0000d3da       __imp_load_?RemoveGCEpilogueCallback@Isolate@v8@@QEAAXP6AXPEAV12@W4GCType@2@W4GCCallbackFlags@2@@Z@Z 000000018000e3da f   node:node.exe
 0001:0000d3e6       __imp_load_?RemoveGCPrologueCallback@Isolate@v8@@QEAAXP6AXPEAV12@W4GCType@2@W4GCCallbackFlags@2@@Z@Z 000000018000e3e6 f   node:node.exe
 0001:0000d3f2       __imp_load_?ThrowException@Isolate@v8@@QEAA?AV?$Local@VValue@v8@@@2@V32@@Z 000000018000e3f2 f   node:node.exe
 0001:0000d3fe       __imp_load_?GetCurrentContext@Isolate@v8@@QEAA?AV?$Local@VContext@v8@@@2@XZ 000000018000e3fe f   node:node.exe
 0001:0000d40a       __imp_load_?Exit@Isolate@v8@@QEAAXXZ 000000018000e40a f   node:node.exe
 0001:0000d416       __imp_load_?Enter@Isolate@v8@@QEAAXXZ 000000018000e416 f   node:node.exe
 0001:0000d422       __imp_load_?GetCurrent@Isolate@v8@@SAPEAV12@XZ 000000018000e422 f   node:node.exe
 0001:0000d42e       __imp_load_?ResetToBookmark@ExternalSourceStream@ScriptCompiler@v8@@UEAAXXZ 000000018000e42e f   node:node.exe
 0001:0000d43a       ?ResetToBookmark@ExternalSourceStream@ScriptCompiler@v8@@UEAAXXZ 000000018000e43a f   node:node.exe
 0001:0000d440       __imp_load_?SetBookmark@ExternalSourceStream@ScriptCompiler@v8@@UEAA_NXZ 000000018000e440 f   node:node.exe
 0001:0000d44c       ?SetBookmark@ExternalSourceStream@ScriptCompiler@v8@@UEAA_NXZ 000000018000e44c f   node:node.exe
 0001:0000d452       __imp_load_?CreateHandle@HandleScope@v8@@KAPEAPEAVObject@internal@2@PEAVIsolate@42@PEAV342@@Z 000000018000e452 f   node:node.exe
 0001:0000d45e       __imp_load_?CreateHandle@HandleScope@v8@@CAPEAPEAVObject@internal@2@PEAVHeapObject@42@PEAV342@@Z 000000018000e45e f   node:node.exe
 0001:0000d46a       __imp_load_??1HandleScope@v8@@QEAA@XZ 000000018000e46a f   node:node.exe
 0001:0000d476       __imp_load_??0HandleScope@v8@@QEAA@PEAVIsolate@1@@Z 000000018000e476 f   node:node.exe
 0001:0000d482       __imp_load_?Set@Template@v8@@QEAAXV?$Local@VName@v8@@@2@V?$Local@VData@v8@@@2@W4PropertyAttribute@2@@Z 000000018000e482 f   node:node.exe
 0001:0000d48e       __imp_load_?Error@Exception@v8@@SA?AV?$Local@VValue@v8@@@2@V?$Local@VString@v8@@@2@@Z 000000018000e48e f   node:node.exe
 0001:0000d49a       __imp_load_?Initialize@Locker@v8@@AEAAXPEAVIsolate@2@@Z 000000018000e49a f   node:node.exe
 0001:0000d4a6       __imp_load_?New@Array@v8@@SA?AV?$Local@VArray@v8@@@2@PEAVIsolate@2@H@Z 000000018000e4a6 f   node:node.exe
 0001:0000d4b2       __imp_load_?Length@Array@v8@@QEBAIXZ 000000018000e4b2 f   node:node.exe
 0001:0000d4be       __imp_load_?GetId@UnboundScript@v8@@QEAAHXZ 000000018000e4be f   node:node.exe
 0001:0000d4ca       __imp_load_?Initialize@Unlocker@v8@@AEAAXPEAVIsolate@2@@Z 000000018000e4ca f   node:node.exe
 0001:0000d4d6       __imp_load_?SetClassName@FunctionTemplate@v8@@QEAAXV?$Local@VString@v8@@@2@@Z 000000018000e4d6 f   node:node.exe
 0001:0000d4e2       __imp_load_?PrototypeTemplate@FunctionTemplate@v8@@QEAA?AV?$Local@VObjectTemplate@v8@@@2@XZ 000000018000e4e2 f   node:node.exe
 0001:0000d4ee       __imp_load_?InstanceTemplate@FunctionTemplate@v8@@QEAA?AV?$Local@VObjectTemplate@v8@@@2@XZ 000000018000e4ee f   node:node.exe
 0001:0000d4fa       __imp_load_?GetFunction@FunctionTemplate@v8@@QEAA?AV?$Local@VFunction@v8@@@2@XZ 000000018000e4fa f   node:node.exe
 0001:0000d506       __imp_load_?GetFunction@FunctionTemplate@v8@@QEAA?AV?$MaybeLocal@VFunction@v8@@@2@V?$Local@VContext@v8@@@2@@Z 000000018000e506 f   node:node.exe
 0001:0000d512       __imp_load_?New@FunctionTemplate@v8@@SA?AV?$Local@VFunctionTemplate@v8@@@2@PEAVIsolate@2@P6AXAEBV?$FunctionCallbackInfo@VValue@v8@@@2@@ZV?$Local@VValue@v8@@@2@V?$Local@VSignature@v8@@@2@H@Z 000000018000e512 f   node:node.exe
 0001:0000d51e       __imp_load_?ToLocalEmpty@V8@v8@@CAXXZ 000000018000e51e f   node:node.exe
 0001:0000d52a       __imp_load_?ClearWeak@V8@v8@@CAPEAXPEAPEAVObject@internal@2@@Z 000000018000e52a f   node:node.exe
 0001:0000d536       __imp_load_?MakeWeak@V8@v8@@CAXPEAPEAVObject@internal@2@PEAXP6AXAEBV?$WeakCallbackInfo@X@2@@ZW4WeakCallbackType@2@@Z 000000018000e536 f   node:node.exe
 0001:0000d542       __imp_load_?DisposeGlobal@V8@v8@@CAXPEAPEAVObject@internal@2@@Z 000000018000e542 f   node:node.exe
 0001:0000d54e       __imp_load_?GlobalizeReference@V8@v8@@CAPEAPEAVObject@internal@2@PEAVIsolate@42@PEAPEAV342@@Z 000000018000e54e f   node:node.exe
 0001:0000d55a       __imp_load_?Int32Value@Value@v8@@QEBAHXZ 000000018000e55a f   node:node.exe
 0001:0000d566       __imp_load_?ToInt32@Value@v8@@QEBA?AV?$MaybeLocal@VInt32@v8@@@2@V?$Local@VContext@v8@@@2@@Z 000000018000e566 f   node:node.exe
 0001:0000d572       __imp_load_?ToUint32@Value@v8@@QEBA?AV?$MaybeLocal@VUint32@v8@@@2@V?$Local@VContext@v8@@@2@@Z 000000018000e572 f   node:node.exe
 0001:0000d57e       __imp_load_?ToInteger@Value@v8@@QEBA?AV?$MaybeLocal@VInteger@v8@@@2@V?$Local@VContext@v8@@@2@@Z 000000018000e57e f   node:node.exe
 0001:0000d58a       __imp_load_?ToObject@Value@v8@@QEBA?AV?$MaybeLocal@VObject@v8@@@2@V?$Local@VContext@v8@@@2@@Z 000000018000e58a f   node:node.exe
 0001:0000d596       __imp_load_?ToDetailString@Value@v8@@QEBA?AV?$MaybeLocal@VString@v8@@@2@V?$Local@VContext@v8@@@2@@Z 000000018000e596 f   node:node.exe
 0001:0000d5a2       __imp_load_?ToString@Value@v8@@QEBA?AV?$MaybeLocal@VString@v8@@@2@V?$Local@VContext@v8@@@2@@Z 000000018000e5a2 f   node:node.exe
 0001:0000d5ae       __imp_load_?ToNumber@Value@v8@@QEBA?AV?$MaybeLocal@VNumber@v8@@@2@V?$Local@VContext@v8@@@2@@Z 000000018000e5ae f   node:node.exe
 0001:0000d5ba       __imp_load_?ToBoolean@Value@v8@@QEBA?AV?$MaybeLocal@VBoolean@v8@@@2@V?$Local@VContext@v8@@@2@@Z 000000018000e5ba f   node:node.exe
 0001:0000d5c6       __imp_load_?IsUint32@Value@v8@@QEBA_NXZ 000000018000e5c6 f   node:node.exe
 0001:0000d5d2       __imp_load_?IsNumber@Value@v8@@QEBA_NXZ 000000018000e5d2 f   node:node.exe
 0001:0000d5de       __imp_load_?IsFunction@Value@v8@@QEBA_NXZ 000000018000e5de f   node:node.exe
 0001:0000d5ea       __imp_load_?Value@Uint32@v8@@QEBAIXZ 000000018000e5ea f   node:node.exe
 0001:0000d5f6       __imp_load_?HasCaught@TryCatch@v8@@QEBA_NXZ 000000018000e5f6 f   node:node.exe
 0001:0000d602       __imp_load_??1TryCatch@v8@@QEAA@XZ 000000018000e602 f   node:node.exe
 0001:0000d60e       __imp_load_??0TryCatch@v8@@QEAA@PEAVIsolate@1@@Z 000000018000e60e f   node:node.exe
 0001:0000d61a       __imp_load_?Escape@EscapableHandleScope@v8@@AEAAPEAPEAVObject@internal@2@PEAPEAV342@@Z 000000018000e61a f   node:node.exe
 0001:0000d626       __imp_load_??0EscapableHandleScope@v8@@QEAA@PEAVIsolate@1@@Z 000000018000e626 f   node:node.exe
 0001:0000d632       __imp_load_?GetUnboundScript@Script@v8@@QEAA?AV?$Local@VUnboundScript@v8@@@2@XZ 000000018000e632 f   node:node.exe
 0001:0000d63e       __imp_load_??1Value@String@v8@@QEAA@XZ 000000018000e63e f   node:node.exe
 0001:0000d64a       __imp_load_??0Value@String@v8@@QEAA@V?$Local@VValue@v8@@@2@@Z 000000018000e64a f   node:node.exe
 0001:0000d656       __imp_load_?NewFromUtf8@String@v8@@SA?AV?$MaybeLocal@VString@v8@@@2@PEAVIsolate@2@PEBDW4NewStringType@2@H@Z 000000018000e656 f   node:node.exe
 0001:0000d662       __imp_load_?WriteUtf8@String@v8@@QEBAHPEADHPEAHH@Z 000000018000e662 f   node:node.exe
 0001:0000d66e       __imp_load_?Length@String@v8@@QEBAHXZ 000000018000e66e f   node:node.exe
 0001:0000d67a       __imp_load_?SlowGetAlignedPointerFromInternalField@Object@v8@@AEAAPEAXH@Z 000000018000e67a f   node:node.exe
 0001:0000d686       __imp_load_?SlowGetInternalField@Object@v8@@AEAA?AV?$Local@VValue@v8@@@2@H@Z 000000018000e686 f   node:node.exe
 0001:0000d692       __imp_load_?New@Object@v8@@SA?AV?$Local@VObject@v8@@@2@PEAVIsolate@2@@Z 000000018000e692 f   node:node.exe
 0001:0000d69e       __imp_load_?SetAlignedPointerInInternalField@Object@v8@@QEAAXHPEAX@Z 000000018000e69e f   node:node.exe
 0001:0000d6aa       __imp_load_?SetInternalField@Object@v8@@QEAAXHV?$Local@VValue@v8@@@2@@Z 000000018000e6aa f   node:node.exe
 0001:0000d6b6       __imp_load_?InternalFieldCount@Object@v8@@QEAAHXZ 000000018000e6b6 f   node:node.exe
 0001:0000d6c2       __imp_load_?Get@Object@v8@@QEAA?AV?$Local@VValue@v8@@@2@V32@@Z 000000018000e6c2 f   node:node.exe
 0001:0000d6ce       __imp_load_?Get@Object@v8@@QEAA?AV?$Local@VValue@v8@@@2@I@Z 000000018000e6ce f   node:node.exe
 0001:0000d6da       __imp_load_?Set@Object@v8@@QEAA_NV?$Local@VValue@v8@@@2@0@Z 000000018000e6da f   node:node.exe
 0001:0000d6e6       __imp_load_?Set@Object@v8@@QEAA_NIV?$Local@VValue@v8@@@2@@Z 000000018000e6e6 f   node:node.exe
 0001:0000d6f2       __imp_load_?Set@Object@v8@@QEAA?AV?$Maybe@_N@2@V?$Local@VContext@v8@@@2@IV?$Local@VValue@v8@@@2@@Z 000000018000e6f2 f   node:node.exe
 0001:0000d6fe       __imp_load_?SetName@Function@v8@@QEAAXV?$Local@VString@v8@@@2@@Z 000000018000e6fe f   node:node.exe
 0001:0000d70a       __imp_load_?NewInstance@Function@v8@@QEBA?AV?$Local@VObject@v8@@@2@HQEAV?$Local@VValue@v8@@@2@@Z 000000018000e70a f   node:node.exe
 0001:0000d716       __imp_load_?NewInstance@Function@v8@@QEBA?AV?$MaybeLocal@VObject@v8@@@2@V?$Local@VContext@v8@@@2@HQEAV?$Local@VValue@v8@@@2@@Z 000000018000e716 f   node:node.exe
 0001:0000d722       __imp_load_?SetInternalFieldCount@ObjectTemplate@v8@@QEAAXH@Z 000000018000e722 f   node:node.exe
 0001:0000d72e       __imp_load_?SetHandler@ObjectTemplate@v8@@QEAAXAEBUIndexedPropertyHandlerConfiguration@2@@Z 000000018000e72e f   node:node.exe
 0001:0000d73a       __imp_load_?NewInstance@ObjectTemplate@v8@@QEAA?AV?$MaybeLocal@VObject@v8@@@2@V?$Local@VContext@v8@@@2@@Z 000000018000e73a f   node:node.exe
 0001:0000d746       __imp_load_?New@ObjectTemplate@v8@@SA?AV?$Local@VObjectTemplate@v8@@@2@PEAVIsolate@2@V?$Local@VFunctionTemplate@v8@@@2@@Z 000000018000e746 f   node:node.exe
 0001:0000d752       __imp_load_?AtExit@node@@YAXP6AXPEAX@Z0@Z 000000018000e752 f   node:node.exe
 0001:0000d75e       __imp_load_?FatalException@node@@YAXPEAVIsolate@v8@@AEBVTryCatch@3@@Z 000000018000e75e f   node:node.exe
 0001:0000d76a       __imp_load_node_module_register 000000018000e76a f   node:node.exe
 0001:0000d776       __imp_load_?Data@Buffer@node@@YAPEADV?$Local@VObject@v8@@@v8@@@Z 000000018000e776 f   node:node.exe
 0001:0000d782       __imp_load_?MakeCallback@node@@YA?AV?$Local@VValue@v8@@@v8@@PEAVIsolate@3@V?$Local@VObject@v8@@@3@V?$Local@VFunction@v8@@@3@HPEAV23@@Z 000000018000e782 f   node:node.exe
 0001:0000d78e       __imp_load_uv_default_loop 000000018000e78e f   node:node.exe
 0001:0000d79c       ??0_Init_locks@std@@QEAA@XZ 000000018000e79c f   libcpmt:xlock.obj
 0001:0000d7e8       ??0_Lockit@std@@QEAA@H@Z   000000018000e7e8 f   libcpmt:xlock.obj
 0001:0000d824       ??1_Init_locks@std@@QEAA@XZ 000000018000e824 f   libcpmt:xlock.obj
 0001:0000d868       ??1_Lockit@std@@QEAA@XZ    000000018000e868 f   libcpmt:xlock.obj
 0001:0000d89c       ??4?$_Yarn@D@std@@QEAAAEAV01@PEBD@Z 000000018000e89c f i libcpmt:locale0.obj
 0001:0000d914       ??_G_Fac_node@std@@QEAAPEAXI@Z 000000018000e914 f i libcpmt:locale0.obj
 0001:0000d9a0       ??_E_Locimp@locale@std@@MEAAPEAXI@Z 000000018000e9a0 f i libcpmt:locale0.obj
 0001:0000d9a0       ??_G_Locimp@locale@std@@MEAAPEAXI@Z 000000018000e9a0 f i libcpmt:locale0.obj
 0001:0000da0c       ?_Facet_Register@std@@YAXPEAV_Facet_base@1@@Z 000000018000ea0c f   libcpmt:locale0.obj
 0001:0000da44       ?_Getgloballocale@locale@std@@CAPEAV_Locimp@12@XZ 000000018000ea44 f   libcpmt:locale0.obj
 0001:0000da4c       ?_Init@locale@std@@CAPEAV_Locimp@12@_N@Z 000000018000ea4c f   libcpmt:locale0.obj
 0001:0000db08       ?_Locimp_dtor@_Locimp@locale@std@@CAXPEAV123@@Z 000000018000eb08 f   libcpmt:locale0.obj
 0001:0000dbb0       ?_Locinfo_ctor@_Locinfo@std@@SAXPEAV12@PEBD@Z 000000018000ebb0 f   libcpmt:locale0.obj
 0001:0000dc1c       ?_Locinfo_dtor@_Locinfo@std@@SAXPEAV12@@Z 000000018000ec1c f   libcpmt:locale0.obj
 0001:0000dc40       ?_New_Locimp@_Locimp@locale@std@@CAPEAV123@_N@Z 000000018000ec40 f   libcpmt:locale0.obj
 0001:0000dcb0       ?_Setgloballocale@locale@std@@CAXPEAX@Z 000000018000ecb0 f   libcpmt:locale0.obj
 0001:0000dce4       _Deletegloballocale        000000018000ece4 f   libcpmt:locale0.obj
 0001:0000dd6c       ??0bad_alloc@std@@QEAA@AEBV01@@Z 000000018000ed6c f i libcpmt:xthrow.obj
 0001:0000ddac       ??0bad_alloc@std@@QEAA@XZ  000000018000edac f i libcpmt:xthrow.obj
 0001:0000ddcc       ??0exception@std@@QEAA@AEBV01@@Z 000000018000edcc f i libcpmt:xthrow.obj
 0001:0000de04       ??0length_error@std@@QEAA@AEBV01@@Z 000000018000ee04 f i libcpmt:xthrow.obj
 0001:0000de44       ??0length_error@std@@QEAA@PEBD@Z 000000018000ee44 f i libcpmt:xthrow.obj
 0001:0000de90       ??0logic_error@std@@QEAA@AEBV01@@Z 000000018000ee90 f i libcpmt:xthrow.obj
 0001:0000ded0       ??0out_of_range@std@@QEAA@AEBV01@@Z 000000018000eed0 f i libcpmt:xthrow.obj
 0001:0000df10       ??0out_of_range@std@@QEAA@PEBD@Z 000000018000ef10 f i libcpmt:xthrow.obj
 0001:0000df5c       ??_Gbad_alloc@std@@UEAAPEAXI@Z 000000018000ef5c f i libcpmt:xthrow.obj
 0001:0000df5c       ??_Eout_of_range@std@@UEAAPEAXI@Z 000000018000ef5c f i libcpmt:xthrow.obj
 0001:0000df5c       ??_Ebad_cast@std@@UEAAPEAXI@Z 000000018000ef5c f i libcpmt:cerr.obj
 0001:0000df5c       ??_Gbad_exception@std@@UEAAPEAXI@Z 000000018000ef5c f i libvcruntime:frame.obj
 0001:0000df5c       ??_Glength_error@std@@UEAAPEAXI@Z 000000018000ef5c f i libcpmt:xthrow.obj
 0001:0000df5c       ??_Eexception@std@@UEAAPEAXI@Z 000000018000ef5c f i libcpmt:xthrow.obj
 0001:0000df5c       ??_Gout_of_range@std@@UEAAPEAXI@Z 000000018000ef5c f i libcpmt:xthrow.obj
 0001:0000df5c       ??_Elength_error@std@@UEAAPEAXI@Z 000000018000ef5c f i libcpmt:xthrow.obj
 0001:0000df5c       ??_Glogic_error@std@@UEAAPEAXI@Z 000000018000ef5c f i libcpmt:xthrow.obj
 0001:0000df5c       ??_Gbad_array_new_length@std@@UEAAPEAXI@Z 000000018000ef5c f i LIBCMT:throw_bad_alloc.obj
 0001:0000df5c       ??_Ebad_array_new_length@std@@UEAAPEAXI@Z 000000018000ef5c f i LIBCMT:throw_bad_alloc.obj
 0001:0000df5c       ??_Elogic_error@std@@UEAAPEAXI@Z 000000018000ef5c f i libcpmt:xthrow.obj
 0001:0000df5c       ??_Gexception@std@@UEAAPEAXI@Z 000000018000ef5c f i libcpmt:xthrow.obj
 0001:0000df5c       ??_Gbad_cast@std@@UEAAPEAXI@Z 000000018000ef5c f i libcpmt:cerr.obj
 0001:0000df5c       ??_Ebad_exception@std@@UEAAPEAXI@Z 000000018000ef5c f i libvcruntime:frame.obj
 0001:0000df5c       ??_Ebad_alloc@std@@UEAAPEAXI@Z 000000018000ef5c f i libcpmt:xthrow.obj
 0001:0000dfa0       ?_Xlength_error@std@@YAXPEBD@Z 000000018000efa0 f   libcpmt:xthrow.obj
 0001:0000dfc4       ?_Xout_of_range@std@@YAXPEBD@Z 000000018000efc4 f   libcpmt:xthrow.obj
 0001:0000dfe8       ?what@exception@std@@UEBAPEBDXZ 000000018000efe8 f i libcpmt:xthrow.obj
 0001:0000dffc       ?_Addstd@ios_base@std@@SAXPEAV12@@Z 000000018000effc f   libcpmt:ios.obj
 0001:0000e06c       ?_Ios_base_dtor@ios_base@std@@CAXPEAV12@@Z 000000018000f06c f   libcpmt:ios.obj
 0001:0000e0b0       ?_Tidy@ios_base@std@@AEAAXXZ 000000018000f0b0 f i libcpmt:ios.obj
 0001:0000e140       ??$use_facet@V?$codecvt@DDU_Mbstatet@@@std@@@std@@YAAEBV?$codecvt@DDU_Mbstatet@@@0@AEBVlocale@0@@Z 000000018000f140 f i libcpmt:cerr.obj
 0001:0000e278       ??0bad_cast@std@@QEAA@AEBV01@@Z 000000018000f278 f i libcpmt:cerr.obj
 0001:0000e2b8       ??0bad_cast@std@@QEAA@XZ   000000018000f2b8 f i libcpmt:cerr.obj
 0001:0000e2d8       ??1?$basic_filebuf@DU?$char_traits@D@std@@@std@@UEAA@XZ 000000018000f2d8 f i libcpmt:cerr.obj
 0001:0000e384       ??_G?$basic_filebuf@DU?$char_traits@D@std@@@std@@UEAAPEAXI@Z 000000018000f384 f i libcpmt:cerr.obj
 0001:0000e384       ??_E?$basic_filebuf@DU?$char_traits@D@std@@@std@@UEAAPEAXI@Z 000000018000f384 f i libcpmt:cerr.obj
 0001:0000e3b8       ?_Endwrite@?$basic_filebuf@DU?$char_traits@D@std@@@std@@IEAA_NXZ 000000018000f3b8 f i libcpmt:cerr.obj
 0001:0000e56c       ?_Getcat@?$codecvt@DDU_Mbstatet@@@std@@SA_KPEAPEBVfacet@locale@2@PEBV42@@Z 000000018000f56c f i libcpmt:cerr.obj
 0001:0000e630       ?_Init@?$basic_filebuf@DU?$char_traits@D@std@@@std@@IEAAXPEAU_iobuf@@W4_Initfl@12@@Z 000000018000f630 f i libcpmt:cerr.obj
 0001:0000e71c       ?_Initcvt@?$basic_filebuf@DU?$char_traits@D@std@@@std@@IEAAXPEBV?$codecvt@DDU_Mbstatet@@@2@@Z 000000018000f71c f i libcpmt:cerr.obj
 0001:0000e7bc       ?_Lock@?$basic_filebuf@DU?$char_traits@D@std@@@std@@UEAAXXZ 000000018000f7bc f i libcpmt:cerr.obj
 0001:0000e7d8       ?_Unlock@?$basic_filebuf@DU?$char_traits@D@std@@@std@@UEAAXXZ 000000018000f7d8 f i libcpmt:cerr.obj
 0001:0000e7f4       __acrt_uninitialize_command_line 000000018000f7f4 f i libucrt:argv_data.obj
 0001:0000e7f4       ?do_always_noconv@?$codecvt@DDU_Mbstatet@@@std@@MEBA_NXZ 000000018000f7f4 f i libcpmt:cerr.obj
 0001:0000e7f8       ?do_in@?$codecvt@DDU_Mbstatet@@@std@@MEBAHAEAU_Mbstatet@@PEBD1AEAPEBDPEAD3AEAPEAD@Z 000000018000f7f8 f i libcpmt:cerr.obj
 0001:0000e7f8       ?do_out@?$codecvt@DDU_Mbstatet@@@std@@MEBAHAEAU_Mbstatet@@PEBD1AEAPEBDPEAD3AEAPEAD@Z 000000018000f7f8 f i libcpmt:cerr.obj
 0001:0000e814       ?do_length@?$codecvt@DDU_Mbstatet@@@std@@MEBAHAEAU_Mbstatet@@PEBD1_K@Z 000000018000f814 f i libcpmt:cerr.obj
 0001:0000e828       ?do_unshift@?$codecvt@DDU_Mbstatet@@@std@@MEBAHAEAU_Mbstatet@@PEAD1AEAPEAD@Z 000000018000f828 f i libcpmt:cerr.obj
 0001:0000e834       ?imbue@?$basic_filebuf@DU?$char_traits@D@std@@@std@@MEAAXAEBVlocale@2@@Z 000000018000f834 f i libcpmt:cerr.obj
 0001:0000e858       ?overflow@?$basic_filebuf@DU?$char_traits@D@std@@@std@@MEAAHH@Z 000000018000f858 f i libcpmt:cerr.obj
 0001:0000eab8       ?pbackfail@?$basic_filebuf@DU?$char_traits@D@std@@@std@@MEAAHH@Z 000000018000fab8 f i libcpmt:cerr.obj
 0001:0000eb88       ?seekoff@?$basic_filebuf@DU?$char_traits@D@std@@@std@@MEAA?AV?$fpos@U_Mbstatet@@@2@_JHH@Z 000000018000fb88 f i libcpmt:cerr.obj
 0001:0000ec74       ?seekpos@?$basic_filebuf@DU?$char_traits@D@std@@@std@@MEAA?AV?$fpos@U_Mbstatet@@@2@V32@H@Z 000000018000fc74 f i libcpmt:cerr.obj
 0001:0000ed74       ?setbuf@?$basic_filebuf@DU?$char_traits@D@std@@@std@@MEAAPEAV?$basic_streambuf@DU?$char_traits@D@std@@@2@PEAD_J@Z 000000018000fd74 f i libcpmt:cerr.obj
 0001:0000edc8       ?sync@?$basic_filebuf@DU?$char_traits@D@std@@@std@@MEAAHXZ 000000018000fdc8 f i libcpmt:cerr.obj
 0001:0000ee28       ?uflow@?$basic_filebuf@DU?$char_traits@D@std@@@std@@MEAAHXZ 000000018000fe28 f i libcpmt:cerr.obj
 0001:0000f0b0       ?underflow@?$basic_filebuf@DU?$char_traits@D@std@@@std@@MEAAHXZ 00000001800100b0 f i libcpmt:cerr.obj
 0001:0000f128       ?_Syserror_map@std@@YAPEBDH@Z 0000000180010128 f   libcpmt:syserror.obj
 0001:0000f150       _Getctype                  0000000180010150 f   libcpmt:_tolower.obj
 0001:0000f210       _Tolower                   0000000180010210 f   libcpmt:_tolower.obj
 0001:0000f338       _Getcvt                    0000000180010338 f   libcpmt:xwctomb.obj
 0001:0000f3c8       _Toupper                   00000001800103c8 f   libcpmt:_toupper.obj
 0001:0000f500       _Mtxdst                    0000000180010500 f   libcpmt:xmtx.obj
[...]
      201    ?Cast@Name@v8@@SAPEAV12@PEAVValue@2@@Z (public: static class v8::Name * __cdecl v8::Name::Cast(class v8::Value *))
      202    ?Cast@Number@v8@@SAPEAV12@PEAVValue@2@@Z (public: static class v8::Number * __cdecl v8::Number::Cast(class v8::Value *))
      203    ?Cast@NumberObject@v8@@SAPEAV12@PEAVValue@2@@Z (public: static class v8::NumberObject * __cdecl v8::NumberObject::Cast(class v8::Value *))
      204    ?Cast@Object@v8@@SAPEAV12@PEAVValue@2@@Z (public: static class v8::Object * __cdecl v8::Object::Cast(class v8::Value *))
      205    ?Cast@Promise@v8@@SAPEAV12@PEAVValue@2@@Z (public: static class v8::Promise * __cdecl v8::Promise::Cast(class v8::Value *))
      206    ?Cast@RegExp@v8@@SAPEAV12@PEAVValue@2@@Z (public: static class v8::RegExp * __cdecl v8::RegExp::Cast(class v8::Value *))
      207    ?Cast@Resolver@Promise@v8@@SAPEAV123@PEAVValue@3@@Z (public: static class v8::Promise::Resolver * __cdecl v8::Promise::Resolver::Cast(class v8::Value *))
      208    ?Cast@Set@v8@@SAPEAV12@PEAVValue@2@@Z (public: static class v8::Set * __cdecl v8::Set::Cast(class v8::Value *))
      209    ?Cast@SharedArrayBuffer@v8@@SAPEAV12@PEAVValue@2@@Z (public: static class v8::SharedArrayBuffer * __cdecl v8::SharedArrayBuffer::Cast(class v8::Value *))
      210    ?Cast@String@v8@@SAPEAV12@PEAVValue@2@@Z (public: static class v8::String * __cdecl v8::String::Cast(class v8::Value *))
      211    ?Cast@StringObject@v8@@SAPEAV12@PEAVValue@2@@Z (public: static class v8::StringObject * __cdecl v8::StringObject::Cast(class v8::Value *))
      212    ?Cast@Symbol@v8@@SAPEAV12@PEAVValue@2@@Z (public: static class v8::Symbol * __cdecl v8::Symbol::Cast(class v8::Value *))
      213    ?Cast@SymbolObject@v8@@SAPEAV12@PEAVValue@2@@Z (public: static class v8::SymbolObject * __cdecl v8::SymbolObject::Cast(class v8::Value *))
      214    ?Cast@TypedArray@v8@@SAPEAV12@PEAVValue@2@@Z (public: static class v8::TypedArray * __cdecl v8::TypedArray::Cast(class v8::Value *))
      215    ?Cast@Uint16Array@v8@@SAPEAV12@PEAVValue@2@@Z (public: static class v8::Uint16Array * __cdecl v8::Uint16Array::Cast(class v8::Value *))
      216    ?Cast@Uint32@v8@@SAPEAV12@PEAVValue@2@@Z (public: static class v8::Uint32 * __cdecl v8::Uint32::Cast(class v8::Value *))
      217    ?Cast@Uint32Array@v8@@SAPEAV12@PEAVValue@2@@Z (public: static class v8::Uint32Array * __cdecl v8::Uint32Array::Cast(class v8::Value *))
      218    ?Cast@Uint8Array@v8@@SAPEAV12@PEAVValue@2@@Z (public: static class v8::Uint8Array * __cdecl v8::Uint8Array::Cast(class v8::Value *))
      219    ?Cast@Uint8ClampedArray@v8@@SAPEAV12@PEAVValue@2@@Z (public: static class v8::Uint8ClampedArray * __cdecl v8::Uint8ClampedArray::Cast(class v8::Value *))
      220    ?Data@Contents@ArrayBuffer@v8@@QEBAPEAXXZ (public: void * __cdecl v8::ArrayBuffer::Contents::Data(void)const )
      221    ?Data@Contents@SharedArrayBuffer@v8@@QEBAPEAXXZ (public: void * __cdecl v8::SharedArrayBuffer::Contents::Data(void)const )
      222    ?Dispose@ExternalStringResourceBase@String@v8@@MEAAXXZ (protected: virtual void __cdecl v8::String::ExternalStringResourceBase::Dispose(void))
      223    ?Empty@String@v8@@SA?AV?$Local@VString@v8@@@2@PEAVIsolate@2@@Z (public: static class v8::Local<class v8::String> __cdecl v8::String::Empty(class v8::Isolate *))
      224    ?GetAlignedPointerFromEmbedderData@Context@v8@@QEAAPEAXH@Z (public: void * __cdecl v8::Context::GetAlignedPointerFromEmbedderData(int))
      225    ?GetAlignedPointerFromInternalField@Object@v8@@QEAAPEAXH@Z (public: void * __cdecl v8::Object::GetAlignedPointerFromInternalField(int))
      226    ?GetAlignedPointerFromInternalField@Object@v8@@SAPEAXAEBV?$PersistentBase@VObject@v8@@@2@H@Z (public: static void * __cdecl v8::Object::GetAlignedPointerFromInternalField(class v8::PersistentBase<class v8::Object> const &,int))
      227    ?GetData@Isolate@v8@@QEAAPEAXI@Z (public: void * __cdecl v8::Isolate::GetData(unsigned int))
      228    ?GetEmbedderData@Context@v8@@QEAA?AV?$Local@VValue@v8@@@2@H@Z (public: class v8::Local<class v8::Value> __cdecl v8::Context::GetEmbedderData(int))
      229    ?GetExternalStringResource@String@v8@@QEBAPEAVExternalStringResource@12@XZ (public: class v8::String::ExternalStringResource * __cdecl v8::String::GetExternalStringResource(void)const )
      230    ?GetExternalStringResourceBase@String@v8@@QEBAPEAVExternalStringResourceBase@12@PEAW4Encoding@12@@Z (public: class v8::String::ExternalStringResourceBase * __cdecl v8::String::GetExternalStringResourceBase(enum v8::String::Encoding *)const )
      231    ?GetId@Script@v8@@QEAAHXZ (public: int __cdecl v8::Script::GetId(void))
      232    ?GetInternalField@Object@v8@@QEAA?AV?$Local@VValue@v8@@@2@H@Z (public: class v8::Local<class v8::Value> __cdecl v8::Object::GetInternalField(int))
      233    ?GetIsolate@HandleScope@v8@@QEBAPEAVIsolate@2@XZ (public: class v8::Isolate * __cdecl v8::HandleScope::GetIsolate(void)const )
      234    ?GetNativeFunctionTemplate@Extension@v8@@UEAA?AV?$Local@VFunctionTemplate@v8@@@2@PEAVIsolate@2@V?$Local@VString@v8@@@2@@Z (public: virtual class v8::Local<class v8::FunctionTemplate> __cdecl v8::Extension::GetNativeFunctionTemplate(class v8::Isolate *,class v8::Local<class v8::String>))
      235    ?GetNumberOfDataSlots@Isolate@v8@@SAIXZ (public: static unsigned int __cdecl v8::Isolate::GetNumberOfDataSlots(void))
      236    ?InternalFieldCount@Object@v8@@SAHAEBV?$PersistentBase@VObject@v8@@@2@@Z (public: static int __cdecl v8::Object::InternalFieldCount(class v8::PersistentBase<class v8::Object> const &))
      237    ?IsDead@V8@v8@@SA_NXZ (public: static bool __cdecl v8::V8::IsDead(void))
      238    ?IsExecutionTerminating@V8@v8@@SA_NPEAVIsolate@2@@Z (public: static bool __cdecl v8::V8::IsExecutionTerminating(class v8::Isolate *))
      239    ?IsNull@Value@v8@@QEBA_NXZ (public: bool __cdecl v8::Value::IsNull(void)const )
      240    ?IsString@Value@v8@@QEBA_NXZ (public: bool __cdecl v8::Value::IsString(void)const )
      241    ?IsUndefined@Value@v8@@QEBA_NXZ (public: bool __cdecl v8::Value::IsUndefined(void)const )
      242    ?JSStackComparableAddress@TryCatch@v8@@SAPEAXPEAV12@@Z (public: static void * __cdecl v8::TryCatch::JSStackComparableAddress(class v8::TryCatch *))
      243    ?New@Boolean@v8@@SA?AV?$Local@VBoolean@v8@@@2@PEAVIsolate@2@_N@Z (public: static class v8::Local<class v8::Boolean> __cdecl v8::Boolean::New(class v8::Isolate *,bool))
      244    ?NewInstance@Function@v8@@QEBA?AV?$MaybeLocal@VObject@v8@@@2@V?$Local@VContext@v8@@@2@@Z (public: class v8::MaybeLocal<class v8::Object> __cdecl v8::Function::NewInstance(class v8::Local<class v8::Context>)const )
      245    ?QuickIsNull@Value@v8@@AEBA_NXZ (private: bool __cdecl v8::Value::QuickIsNull(void)const )
      246    ?QuickIsString@Value@v8@@AEBA_NXZ (private: bool __cdecl v8::Value::QuickIsString(void)const )
      247    ?QuickIsUndefined@Value@v8@@AEBA_NXZ (private: bool __cdecl v8::Value::QuickIsUndefined(void)const )
      248    ?RemoveGCEpilogueCallback@V8@v8@@SAXP6AXW4GCType@2@W4GCCallbackFlags@2@@Z@Z (public: static void __cdecl v8::V8::RemoveGCEpilogueCallback(void (__cdecl*)(enum v8::GCType,enum v8::GCCallbackFlags)))
      249    ?RemoveGCPrologueCallback@V8@v8@@SAXP6AXW4GCType@2@W4GCCallbackFlags@2@@Z@Z (public: static void __cdecl v8::V8::RemoveGCPrologueCallback(void (__cdecl*)(enum v8::GCType,enum v8::GCCallbackFlags)))
      250    ?RemoveMemoryAllocationCallback@V8@v8@@SAXP6AXW4ObjectSpace@2@W4AllocationAction@2@H@Z@Z (public: static void __cdecl v8::V8::RemoveMemoryAllocationCallback(void (__cdecl*)(enum v8::ObjectSpace,enum v8::AllocationAction,int)))
      251    ?RemoveMessageListeners@V8@v8@@SAXP6AXV?$Local@VMessage@v8@@@2@V?$Local@VValue@v8@@@2@@Z@Z (public: static void __cdecl v8::V8::RemoveMessageListeners(void (__cdecl*)(class v8::Local<class v8::Message>,class v8::Local<class v8::Value>)))
      252    ?Set@Template@v8@@QEAAXPEAVIsolate@2@PEBDV?$Local@VData@v8@@@2@@Z (public: void __cdecl v8::Template::Set(class v8::Isolate *,char const *,class v8::Local<class v8::Data>))
      253    ?SetAllowCodeGenerationFromStringsCallback@V8@v8@@SAXP6A_NV?$Local@VContext@v8@@@2@@Z@Z (public: static void __cdecl v8::V8::SetAllowCodeGenerationFromStringsCallback(bool (__cdecl*)(class v8::Local<class v8::Context>)))
      254    ?SetCaptureStackTraceForUncaughtExceptions@V8@v8@@SAX_NHW4StackTraceOptions@StackTrace@2@@Z (public: static void __cdecl v8::V8::SetCaptureStackTraceForUncaughtExceptions(bool,int,enum v8::StackTrace::StackTraceOptions))
      255    ?SetData@Isolate@v8@@QEAAXIPEAX@Z (public: void __cdecl v8::Isolate::SetData(unsigned int,void *))
      256    ?SetFailedAccessCheckCallbackFunction@V8@v8@@SAXP6AXV?$Local@VObject@v8@@@2@W4AccessType@2@V?$Local@VValue@v8@@@2@@Z@Z (public: static void __cdecl v8::V8::SetFailedAccessCheckCallbackFunction(void (__cdecl*)(class v8::Local<class v8::Object>,enum v8::AccessType,class v8::Local<class v8::Value>)))
      257    ?SetFatalErrorHandler@V8@v8@@SAXP6AXPEBD0@Z@Z (public: static void __cdecl v8::V8::SetFatalErrorHandler(void (__cdecl*)(char const *,char const *)))
      258    ?SetIndexedPropertyHandler@ObjectTemplate@v8@@QEAAXP6AXIAEBV?$PropertyCallbackInfo@VValue@v8@@@2@@ZP6AXIV?$Local@VValue@v8@@@2@0@ZP6AXIAEBV?$PropertyCallbackInfo@VInteger@v8@@@2@@ZP6AXIAEBV?$PropertyCallbackInfo@VBoolean@v8@@@2@@ZP6AXAEBV?$PropertyCallbackInfo@VArray@v8@@@2@@Z2@Z (public: void __cdecl v8::ObjectTemplate::SetIndexedPropertyHandler(void (__cdecl*)(unsigned int,class v8::PropertyCallbackInfo<class v8::Value> const &),void (__cdecl*)(unsigned int,class v8::Local<class v8::Value>,class v8::PropertyCallbackInfo<class v8::Value> const &),void (__cdecl*)(unsigned int,class v8::PropertyCallbackInfo<class v8::Integer> const &),void (__cdecl*)(unsigned int,class v8::PropertyCallbackInfo<class v8::Boolean> const &),void (__cdecl*)(class v8::PropertyCallbackInfo<class v8::Array> const &),class v8::Local<class v8::Value>))
      259    ?TerminateExecution@V8@v8@@SAXPEAVIsolate@2@@Z (public: static void __cdecl v8::V8::TerminateExecution(class v8::Isolate *))
      260    ?ToBoolean@Value@v8@@QEBA?AV?$Local@VBoolean@v8@@@2@XZ (public: class v8::Local<class v8::Boolean> __cdecl v8::Value::ToBoolean(void)const )
      261    ?ToDetailString@Value@v8@@QEBA?AV?$Local@VString@v8@@@2@XZ (public: class v8::Local<class v8::String> __cdecl v8::Value::ToDetailString(void)const )
      262    ?ToInt32@Value@v8@@QEBA?AV?$Local@VInt32@v8@@@2@XZ (public: class v8::Local<class v8::Int32> __cdecl v8::Value::ToInt32(void)const )
      263    ?ToInteger@Value@v8@@QEBA?AV?$Local@VInteger@v8@@@2@XZ (public: class v8::Local<class v8::Integer> __cdecl v8::Value::ToInteger(void)const )
      264    ?ToNumber@Value@v8@@QEBA?AV?$Local@VNumber@v8@@@2@XZ (public: class v8::Local<class v8::Number> __cdecl v8::Value::ToNumber(void)const )
      265    ?ToObject@Value@v8@@QEBA?AV?$Local@VObject@v8@@@2@XZ (public: class v8::Local<class v8::Object> __cdecl v8::Value::ToObject(void)const )
      266    ?ToString@Value@v8@@QEBA?AV?$Local@VString@v8@@@2@XZ (public: class v8::Local<class v8::String> __cdecl v8::Value::ToString(void)const )
      267    ?ToUint32@Value@v8@@QEBA?AV?$Local@VUint32@v8@@@2@XZ (public: class v8::Local<class v8::Uint32> __cdecl v8::Value::ToUint32(void)const )
      268    ?VisitExternalResources@V8@v8@@SAXPEAVExternalResourceVisitor@2@@Z (public: static void __cdecl v8::V8::VisitExternalResources(class v8::ExternalResourceVisitor *))
      269    ?VisitExternalString@ExternalResourceVisitor@v8@@UEAAXV?$Local@VString@v8@@@2@@Z (public: virtual void __cdecl v8::ExternalResourceVisitor::VisitExternalString(class v8::Local<class v8::String>))
      270    ?VisitHandlesForPartialDependence@V8@v8@@SAXPEAVIsolate@2@PEAVPersistentHandleVisitor@2@@Z (public: static void __cdecl v8::V8::VisitHandlesForPartialDependence(class v8::Isolate *,class v8::PersistentHandleVisitor *))
      271    ?VisitHandlesWithClassIds@V8@v8@@SAXPEAVIsolate@2@PEAVPersistentHandleVisitor@2@@Z (public: static void __cdecl v8::V8::VisitHandlesWithClassIds(class v8::Isolate *,class v8::PersistentHandleVisitor *))
      272    ?VisitHandlesWithClassIds@V8@v8@@SAXPEAVPersistentHandleVisitor@2@@Z (public: static void __cdecl v8::V8::VisitHandlesWithClassIds(class v8::PersistentHandleVisitor *))
      273    ?VisitPersistentHandle@PersistentHandleVisitor@v8@@UEAAXPEAV?$Persistent@VValue@v8@@V?$NonCopyablePersistentTraits@VValue@v8@@@2@@2@G@Z (public: virtual void __cdecl v8::PersistentHandleVisitor::VisitPersistentHandle(class v8::Persistent<class v8::Value,class v8::NonCopyablePersistentTraits<class v8::Value> > *,unsigned short))
      274    ?auto_enable@Extension@v8@@QEAA_NXZ (public: bool __cdecl v8::Extension::auto_enable(void))
      275    ?begin@ExtensionConfiguration@v8@@QEBAPEAPEBDXZ (public: char const * * __cdecl v8::ExtensionConfiguration::begin(void)const )
      276    ?code_range_size@ResourceConstraints@v8@@QEBA_KXZ (public: unsigned __int64 __cdecl v8::ResourceConstraints::code_range_size(void)const )
      277    ?data@ExternalOneByteStringResourceImpl@v8@@UEBAPEBDXZ (public: virtual char const * __cdecl v8::ExternalOneByteStringResourceImpl::data(void)const )
      278    ?dependencies@Extension@v8@@QEAAPEAPEBDXZ (public: char const * * __cdecl v8::Extension::dependencies(void))
      279    ?dependency_count@Extension@v8@@QEAAHXZ (public: int __cdecl v8::Extension::dependency_count(void))
      280    ?end@ExtensionConfiguration@v8@@QEBAPEAPEBDXZ (public: char const * * __cdecl v8::ExtensionConfiguration::end(void)const )
      281    ?heap_size_limit@HeapStatistics@v8@@QEAA_KXZ (public: unsigned __int64 __cdecl v8::HeapStatistics::heap_size_limit(void))
      282    ?impl@StreamedSource@ScriptCompiler@v8@@QEBAPEAU1internal@3@XZ (public: struct v8::internal::StreamedSource * __cdecl v8::ScriptCompiler::StreamedSource::impl(void)const )
      283    ?kInternalFieldCount@ArrayBuffer@v8@@2HB (public: static int const v8::ArrayBuffer::kInternalFieldCount)
      284    ?kInternalFieldCount@ArrayBufferView@v8@@2HB (public: static int const v8::ArrayBufferView::kInternalFieldCount)
      285    ?kInternalFieldCount@SharedArrayBuffer@v8@@2HB (public: static int const v8::SharedArrayBuffer::kInternalFieldCount)
      286    ?kMaxLength@String@v8@@2HB (public: static int const v8::String::kMaxLength)
      287    ?kNoColumnInfo@Message@v8@@2HB (public: static int const v8::Message::kNoColumnInfo)
      288    ?kNoLineNumberInfo@Message@v8@@2HB (public: static int const v8::Message::kNoLineNumberInfo)
      289    ?kNoScriptId@UnboundScript@v8@@2HB (public: static int const v8::UnboundScript::kNoScriptId)
      290    ?kNoScriptIdInfo@Message@v8@@2HB (public: static int const v8::Message::kNoScriptIdInfo)
      291    ?length@ExternalOneByteStringResourceImpl@v8@@UEBA_KXZ (public: virtual unsigned __int64 __cdecl v8::ExternalOneByteStringResourceImpl::length(void)const )
      292    ?length@Utf8Value@String@v8@@QEBAHXZ (public: int __cdecl v8::String::Utf8Value::length(void)const )
      293    ?length@Value@String@v8@@QEBAHXZ (public: int __cdecl v8::String::Value::length(void)const )
      294    ?max_available_threads@ResourceConstraints@v8@@QEBAHXZ (public: int __cdecl v8::ResourceConstraints::max_available_threads(void)const )
      295    ?max_executable_size@ResourceConstraints@v8@@QEBAHXZ (public: int __cdecl v8::ResourceConstraints::max_executable_size(void)const )
      296    ?max_old_space_size@ResourceConstraints@v8@@QEBAHXZ (public: int __cdecl v8::ResourceConstraints::max_old_space_size(void)const )
      297    ?max_semi_space_size@ResourceConstraints@v8@@QEBAHXZ (public: int __cdecl v8::ResourceConstraints::max_semi_space_size(void)const )
      298    ?name@Extension@v8@@QEBAPEBDXZ (public: char const * __cdecl v8::Extension::name(void)const )
      299    ?object_count@HeapObjectStatistics@v8@@QEAA_KXZ (public: unsigned __int64 __cdecl v8::HeapObjectStatistics::object_count(void))
      300    ?object_size@HeapObjectStatistics@v8@@QEAA_KXZ (public: unsigned __int64 __cdecl v8::HeapObjectStatistics::object_size(void))
      301    ?object_sub_type@HeapObjectStatistics@v8@@QEAAPEBDXZ (public: char const * __cdecl v8::HeapObjectStatistics::object_sub_type(void))
      302    ?object_type@HeapObjectStatistics@v8@@QEAAPEBDXZ (public: char const * __cdecl v8::HeapObjectStatistics::object_type(void))
      303    ?physical_space_size@HeapSpaceStatistics@v8@@QEAA_KXZ (public: unsigned __int64 __cdecl v8::HeapSpaceStatistics::physical_space_size(void))
      304    ?set_auto_enable@Extension@v8@@QEAAX_N@Z (public: void __cdecl v8::Extension::set_auto_enable(bool))
      305    ?set_code_range_size@ResourceConstraints@v8@@QEAAX_K@Z (public: void __cdecl v8::ResourceConstraints::set_code_range_size(unsigned __int64))
      306    ?set_max_available_threads@ResourceConstraints@v8@@QEAAXH@Z (public: void __cdecl v8::ResourceConstraints::set_max_available_threads(int))
      307    ?set_max_executable_size@ResourceConstraints@v8@@QEAAXH@Z (public: void __cdecl v8::ResourceConstraints::set_max_executable_size(int))
      308    ?set_max_old_space_size@ResourceConstraints@v8@@QEAAXH@Z (public: void __cdecl v8::ResourceConstraints::set_max_old_space_size(int))
      309    ?set_max_semi_space_size@ResourceConstraints@v8@@QEAAXH@Z (public: void __cdecl v8::ResourceConstraints::set_max_semi_space_size(int))
      310    ?set_stack_limit@ResourceConstraints@v8@@QEAAXPEAI@Z (public: void __cdecl v8::ResourceConstraints::set_stack_limit(unsigned int *))
      311    ?source@Extension@v8@@QEBAPEBVExternalOneByteStringResource@String@2@XZ (public: class v8::String::ExternalOneByteStringResource const * __cdecl v8::Extension::source(void)const )
      312    ?source_length@Extension@v8@@QEBA_KXZ (public: unsigned __int64 __cdecl v8::Extension::source_length(void)const )
      313    ?space_available_size@HeapSpaceStatistics@v8@@QEAA_KXZ (public: unsigned __int64 __cdecl v8::HeapSpaceStatistics::space_available_size(void))
      314    ?space_name@HeapSpaceStatistics@v8@@QEAAPEBDXZ (public: char const * __cdecl v8::HeapSpaceStatistics::space_name(void))
      315    ?space_size@HeapSpaceStatistics@v8@@QEAA_KXZ (public: unsigned __int64 __cdecl v8::HeapSpaceStatistics::space_size(void))
      316    ?space_used_size@HeapSpaceStatistics@v8@@QEAA_KXZ (public: unsigned __int64 __cdecl v8::HeapSpaceStatistics::space_used_size(void))
      317    ?stack_limit@ResourceConstraints@v8@@QEBAPEAIXZ (public: unsigned int * __cdecl v8::ResourceConstraints::stack_limit(void)const )
      318    ?total_available_size@HeapStatistics@v8@@QEAA_KXZ (public: unsigned __int64 __cdecl v8::HeapStatistics::total_available_size(void))
      319    ?total_heap_size@HeapStatistics@v8@@QEAA_KXZ (public: unsigned __int64 __cdecl v8::HeapStatistics::total_heap_size(void))
      320    ?total_heap_size_executable@HeapStatistics@v8@@QEAA_KXZ (public: unsigned __int64 __cdecl v8::HeapStatistics::total_heap_size_executable(void))
      321    ?total_physical_size@HeapStatistics@v8@@QEAA_KXZ (public: unsigned __int64 __cdecl v8::HeapStatistics::total_physical_size(void))
      322    ?used_heap_size@HeapStatistics@v8@@QEAA_KXZ (public: unsigned __int64 __cdecl v8::HeapStatistics::used_heap_size(void))
      323    _register_HID_
      324    hid_close
      325    hid_enumerate
      326    hid_error
      327    hid_exit
      328    hid_free_enumeration
      329    hid_get_feature_report
      330    hid_get_indexed_string
      331    hid_get_manufacturer_string
      332    hid_get_product_string
      333    hid_get_serial_number_string
      334    hid_init
      335    hid_open
      336    hid_open_path
      337    hid_read
      338    hid_read_timeout
      339    hid_send_feature_report
      340    hid_set_nonblocking
      341    hid_write
